21893
21893
21893
21893
21893
21893
21893
21893
21893
21893
21893
21893
21893
21893
21893
21893
21893
21893
21893
21893
21893
21893
21893
21893
21893
21893
21893
21893
21893
21893
21893
21893
21893
21893
21893
21893
21893
21893
21893
21893
21893
21893
21893
21893
21893
21893
21893
21893
21893
21893
21893
21893
21893
21893
21893
21893
21893
21893
21893
21893
21893
21893
21893
21893
21893
21893
21893
21893
21893
21893
21893
21893
21893
21893
21893
21893
21893
21893
21893
21893
21893
21893
21893
21893
21893
21893
21893
21893
21893
21893
21893
21893
21893
21951
21951
21951
21951
21951
21951
21951
21951
21951
21951
21951
21951
21951
21951
21951
21951
21951
21951
21951
21951
21951
21951
21951

