21515
21515
21515
21515
21515
21515
21515
21515
21515
21515
21515
21515
21515
21515
21515
21515
21515
21515
21515
21515
21515
21515
21515
21515
21515
21515
21515
21515
21515
21515
21515
21549
21549
21549
21549
21549
21583
21583
21583
21583
21583
21617
21617
21617
21617
21617
21617
21617
21617
21617
21617
21617
21617
21617
21617
21617
21617
21617
21617
21617
21651
21651
21651
21651
21651
21651
21651
21651
21651
21651
21651
21651
21651
21651
21651
21651
21651
21651
21651
21685
21685
21685
21685
21685
21685
21685
21685
21685
21685
21685
21685
21685
21685
21685
21685
21685
21685
21685
21685
21685
21685
21685
21685
21685
21685
21685
21685
21685
21685
21685
21685
21685
21685
21685
21685
21685
21685
21685
21685
21685
21685
21685
21685
21685
21719
21719
21719
21719
21719
21719
21719
21719
21719
21719
21719
21719
21719
21719
21719
21719
21719
21719
21719
21719
21719
21719
21719
21719
21719
21719
21719
21719
21719
21719
21719
21719
21719
21719
21719
21719
21719
21719
21719
21719
21719
21719
21719
21719

