21835
21835
21835
21835
21835
21835
21835
21835
21835
21835
21835
21835
21835
21835
21835
21835
21835
21835
21835
21835
21835
21835
21893
21893
21893
21893
21893
21893
21893
21893
21893
21893
21893
21893
21893
21893
21893
21893
21893
21893
21893
21893
21893
21893
21893
21893
21893
21893
21893
21893
21893
21893
21893
21893
21893
21893
21893
21893
21893
21893
21893
21893
21893
21893
21893
21893
21893
21893
21893
21893
21893
21893
21893
21893
21893
21893
21893
21893
21893
21893
21893
21893
21893
21893
21893
21893
21893
21893
21893
21893
21893
21893
21893
21893
21893
21893
21893
21893
21893
21893
21893
21893
21893
21893
21893
21893
21893
21893
21893
21893
21893
21893
21893

