21719
21719
21719
21719
21719
21719
21719
21719
21719
21719
21719
21719
21719
21719
21719
21719
21719
21719
21719
21719
21719
21719
21719
21719
21719
21719
21719
21719
21719
21777
21777
21777
21777
21777
21777
21835
21835
21835
21835
21835
21835
21835
21835
21835
21835
21835
21835
21835
21835
21835
21835
21835
21835
21835
21835
21835
21835
21835
21835
21835
21835
21835
21835
21835
21835
21835
21835
21835
21835
21835
21835
21835
21835
21835
21835
21835
21835
21835
21835
21835
21835
21835
21835
21835
21835
21835
21835
21835
21835
21835
21835
21835
21835
21835
21835
21835
21835
21835
21835
21835
21835
21835
21835
21835
21835
21835
21835
21835
21835
21835
21835
21835
21835
21835

