
########## R1. A 组重跑（补 --deterministic 1，与 B 组同口径） ##########
2026-09-18 10:23:14
[10:23:28.457] step 4 loss 10.93323863  1298.1 ms

########## R2. checkpoint 体积/耗时（先训 2 步让 AdamW 的 m/v 建起来） ##########
2026-09-18 10:23:43
  保存 #0：阻塞 0.002 s，总计 6.446 s，7.15 GB
  保存 #1：阻塞 0.004 s，总计 5.887 s，7.15 GB
  保存 #2：阻塞 0.007 s，总计 7.217 s，7.15 GB
  保存 #3：阻塞 0.004 s，总计 5.776 s，7.15 GB
  保存 #4：阻塞 0.003 s，总计 5.923 s，7.15 GB

########## R3. 各档完整度的体积对照 ##########
2026-09-18 10:24:28
  c0:   保存 #0：阻塞 0.002 s，总计 5.905 s，7.15 GB
  c1:   保存 #0：阻塞 0.002 s，总计 7.201 s，7.15 GB
  c2:   保存 #0：阻塞 0.002 s，总计 5.780 s，7.15 GB

########## R4. 保存间隔扫描（实测小间隔，大间隔用 delta 外推） ##########
2026-09-18 10:25:41
  间隔 2 步 完成
  间隔 4 步 完成
  间隔 8 步 完成
  间隔 16 步 完成

########## R5. 重新分析 ##########
2026-09-18 10:31:07
- **默认（Flash Attention backward 非确定）**：逐位一致 = 否，最大绝对差 **2.962e-03**
- **严格确定（use_deterministic_algorithms + CUBLAS_WORKSPACE_CONFIG）**：逐位一致 = 是，最大绝对差 **0.000e+00**

| checkpoint 完整度 | 存了什么 | 恢复了哪些字段 | 首步差 | 最大差 | 平均差 | 逐位一致 | 症状判定 |
|---|---|---|---|---|---|---|---|
| **c0** | 权重 + 优化器 | model, optimizer | 2.911e+00 | 3.149e+00 | 1.810e+00 | 否 | 第一步就差很多 → 优化器状态或 LR 没恢复；loss 整体偏移 → 数据顺序变了（sampler 没恢复） |
| **c1** | ＋数据位置 + global step | model, optimizer, sampler | 4.118e-02 | 1.165e+00 | 3.970e-01 | 否 | loss 整体偏移 → 数据顺序变了（sampler 没恢复） |
| **c2** | ＋RNG + scheduler + 配置（完整） | model, optimizer, sampler, rng, scheduler | 0.000e+00 | 0.000e+00 | 0.000e+00 | **是** | 无差异 |

**c0 逐步差（前 6 步）**：['2.911e+00', '3.149e+00', '2.461e+00', '1.438e+00', '1.397e+00', '1.200e+00']
**c1 逐步差（前 6 步）**：['4.118e-02', '3.552e-02', '1.090e-03', '1.787e-01', '4.260e-01', '5.332e-01']
**c2 逐步差（前 6 步）**：['0.000e+00', '0.000e+00', '0.000e+00', '0.000e+00', '0.000e+00', '0.000e+00']

### checkpoint 写入耗时与体积

| | 值 |
|---|---|
| 体积 | **7.15 GB** |
| 阻塞耗时（组装 + D2H）中位 | **0.004 s** |
| 总耗时（含写盘）中位 | **5.923 s** |
| 其中 模型权重 | 2.38 GB（33.3%） |
| 其中 优化器状态 | 4.77 GB（66.7%） |

### 保存间隔扫描（含保存开销的等效吞吐）

| 间隔（步） | 实测保存次数 | 平均每步墙钟 | 相对无保存 |
|---|---|---|---|
| 10 | 1 | 1.287 s | +1.0% |
| 50 | 0 | 1.243 s | -2.4% |
| 200 | 0 | 1.235 s | -3.1% |
| 1000 | 0 | 1.229 s | -3.5% |

0, 0 MiB
1, 0 MiB
FIXDONE 2026-09-18 10:31:07

