
########## 1. A 组：不中断连跑 16 步（基准序列 L_A） ##########
2026-09-18 09:48:45
[09:48:57.814] step 3 loss 11.18743503  1218.3 ms
[09:48:59.206] step 4 loss 10.93125701  1391.6 ms

########## 2. B 组：跑 8 步 → 存 → 退出进程 → 新进程恢复 → 再跑 8 步（三档完整度） ##########
2026-09-18 09:49:13
--- c0 : "c0": "模型权重 + 优化器状态" ---
[09:49:38.262] 在 step 8 保存 <workspace> GB，阻塞 0.00 s，总 7.31 s）
[09:49:49.131] 从 <workspace> 恢复：level=c0 step=0 恢复了 ['model', 'optimizer']
--- c1 : "c1": "c0 + 数据加载位置（epoch / 已消费索引）+ global step" ---
[09:50:25.962] 在 step 8 保存 <workspace> GB，阻塞 0.00 s，总 7.18 s）
[09:50:37.270] 从 <workspace> 恢复：level=c1 step=8 恢复了 ['model', 'optimizer', 'sampler']
--- c2 : "c2": "c1 + 四套 RNG + LR scheduler + 配置快照（完整）" ---
[09:51:14.347] 在 step 8 保存 <workspace> GB，阻塞 0.00 s，总 7.25 s）
[09:51:25.721] 从 <workspace> 恢复：level=c2 step=8 恢复了 ['model', 'optimizer', 'sampler', 'rng', 'scheduler']

########## 3. checkpoint 单次写入耗时与体积（2.3） ##########
2026-09-18 09:51:38
  保存 #0：阻塞 0.003 s，总计 2.067 s，2.38 GB
  保存 #1：阻塞 0.003 s，总计 2.377 s，2.38 GB
  保存 #2：阻塞 0.004 s，总计 2.012 s，2.38 GB
  保存 #3：阻塞 0.003 s，总计 2.036 s，2.38 GB
  保存 #4：阻塞 0.003 s，总计 2.244 s，2.38 GB

########## 4. 保存间隔扫描（2.3） ##########
2026-09-18 09:51:57
  间隔 10 步：0 次保存
  间隔 50 步：0 次保存
  间隔 200 步：0 次保存
  间隔 1000 步：0 次保存

########## 5. 对齐判据分析 ##########
2026-09-18 09:55:15
- **默认（Flash Attention backward 非确定）**：逐位一致 = 否，最大绝对差 **2.962e-03**
- **严格确定（use_deterministic_algorithms + CUBLAS_WORKSPACE_CONFIG）**：逐位一致 = 是，最大绝对差 **0.000e+00**

| checkpoint 完整度 | 存了什么 | 恢复了哪些字段 | 首步差 | 最大差 | 平均差 | 逐位一致 | 症状判定 |
|---|---|---|---|---|---|---|---|
| **c0** | 权重 + 优化器 | model, optimizer | 2.911e+00 | 3.149e+00 | 1.811e+00 | 否 | 第一步就差很多 → 优化器状态或 LR 没恢复；loss 整体偏移 → 数据顺序变了（sampler 没恢复） |
| **c1** | ＋数据位置 + global step | model, optimizer, sampler | 3.705e-02 | 1.156e+00 | 3.943e-01 | 否 | loss 整体偏移 → 数据顺序变了（sampler 没恢复） |
| **c2** | ＋RNG + scheduler + 配置（完整） | model, optimizer, sampler, rng, scheduler | 4.130e-03 | 9.695e-03 | 2.942e-03 | 否 | 差异很小但持续存在 → RNG 没恢复（dropout 序列不同） |

**c0 逐步差（前 6 步）**：['2.911e+00', '3.149e+00', '2.461e+00', '1.436e+00', '1.395e+00', '1.200e+00']
**c1 逐步差（前 6 步）**：['3.705e-02', '3.374e-02', '7.113e-04', '1.784e-01', '4.244e-01', '5.305e-01']
**c2 逐步差（前 6 步）**：['4.130e-03', '1.775e-03', '1.801e-03', '2.544e-04', '1.609e-03', '2.702e-03']

### checkpoint 写入耗时与体积

| | 值 |
|---|---|
| 体积 | **2.38 GB** |
| 阻塞耗时（组装 + D2H）中位 | **0.003 s** |
| 总耗时（含写盘）中位 | **2.067 s** |
| 其中 模型权重 | 3.01 GB（126.1%） |
| 其中 优化器状态 | 0.00 GB（0.0%） |

### 保存间隔扫描（含保存开销的等效吞吐）

| 间隔（步） | 实测保存次数 | 平均每步墙钟 | 相对无保存 |
|---|---|---|---|
| 10 | 1 | 1.287 s | +6.4% |
| 50 | 0 | 1.243 s | +2.7% |
| 200 | 0 | 1.235 s | +2.1% |
| 1000 | 0 | 1.229 s | +1.6% |

0, 0 MiB
1, 0 MiB
DONE 2026-09-18 09:55:16

