W0918 08:59:31.525000 19419 torch/distributed/run.py:982] 
W0918 08:59:31.525000 19419 torch/distributed/run.py:982] *****************************************
W0918 08:59:31.525000 19419 torch/distributed/run.py:982] Setting OMP_NUM_THREADS environment variable for each process to be 1 in default, to avoid your system being overloaded, please further tune the variable for optimal performance in your application as needed. 
W0918 08:59:31.525000 19419 torch/distributed/run.py:982] *****************************************
Loading weights:   0%|          | 0/311 [00:00<?, ?it/s]Loading weights:   0%|          | 0/311 [00:00<?, ?it/s]Loading weights:   0%|          | 1/311 [00:00<01:21,  3.81it/s]Loading weights:   0%|          | 1/311 [00:00<01:16,  4.05it/s]Loading weights:  94%|█████████▎| 291/311 [00:00<00:00, 1011.39it/s]Loading weights: 100%|██████████| 311/311 [00:00<00:00, 824.98it/s] 
Loading weights:  86%|████████▌ | 268/311 [00:00<00:00, 975.72it/s]Loading weights: 100%|██████████| 311/311 [00:00<00:00, 831.21it/s]
<workspace> UserWarning: barrier(): using the device under current context. You can specify `device_id` in `init_process_group` to mute this warning.
  return func(*args, **kwargs)
<workspace> UserWarning: barrier(): using the device under current context. You can specify `device_id` in `init_process_group` to mute this warning.
  return func(*args, **kwargs)
<workspace> UserWarning: barrier(): using the device under current context. You can specify `device_id` in `init_process_group` to mute this warning.
  return func(*args, **kwargs)
<workspace> UserWarning: barrier(): using the device under current context. You can specify `device_id` in `init_process_group` to mute this warning.
  return func(*args, **kwargs)
<workspace> UserWarning: barrier(): using the device under current context. You can specify `device_id` in `init_process_group` to mute this warning.
  return func(*args, **kwargs)
<workspace> UserWarning: barrier(): using the device under current context. You can specify `device_id` in `init_process_group` to mute this warning.
  return func(*args, **kwargs)
<workspace> UserWarning: barrier(): using the device under current context. You can specify `device_id` in `init_process_group` to mute this warning.
  return func(*args, **kwargs)
<workspace> UserWarning: barrier(): using the device under current context. You can specify `device_id` in `init_process_group` to mute this warning.
  return func(*args, **kwargs)
<workspace> UserWarning: barrier(): using the device under current context. You can specify `device_id` in `init_process_group` to mute this warning.
  return func(*args, **kwargs)
<workspace> UserWarning: barrier(): using the device under current context. You can specify `device_id` in `init_process_group` to mute this warning.
  return func(*args, **kwargs)
<workspace> UserWarning: barrier(): using the device under current context. You can specify `device_id` in `init_process_group` to mute this warning.
  return func(*args, **kwargs)
[inter2_AB_mb4_accum8] step 1358.5 ms (std 31.54, 极差 4.94%) 24120 tok/s  MFU 21.37%  alloc 20597 resv 22712 smi 23337
saved results/runs/inter2_AB_mb4_accum8.json

