W0918 09:01:26.403000 20637 torch/distributed/run.py:982] 
W0918 09:01:26.403000 20637 torch/distributed/run.py:982] *****************************************
W0918 09:01:26.403000 20637 torch/distributed/run.py:982] Setting OMP_NUM_THREADS environment variable for each process to be 1 in default, to avoid your system being overloaded, please further tune the variable for optimal performance in your application as needed. 
W0918 09:01:26.403000 20637 torch/distributed/run.py:982] *****************************************
Loading weights:   0%|          | 0/311 [00:00<?, ?it/s]Loading weights:   0%|          | 0/311 [00:00<?, ?it/s]Loading weights:   0%|          | 1/311 [00:00<01:28,  3.50it/s]Loading weights:   0%|          | 1/311 [00:00<01:28,  3.52it/s]Loading weights:  97%|█████████▋| 302/311 [00:00<00:00, 1003.27it/s]Loading weights: 100%|██████████| 311/311 [00:00<00:00, 801.07it/s] 
Loading weights: 100%|██████████| 311/311 [00:00<00:00, 818.92it/s]
<workspace> UserWarning: barrier(): using the device under current context. You can specify `device_id` in `init_process_group` to mute this warning.
  return func(*args, **kwargs)
<workspace> UserWarning: barrier(): using the device under current context. You can specify `device_id` in `init_process_group` to mute this warning.
  return func(*args, **kwargs)
[rank0]:[W918 09:01:35.576268143 CUDACachingAllocator.cpp:3934] memory allocation failed with OOM on device 0 while trying to allocate 1245708288 bytes (free: 1091239936, total: 25250627584).
[rank0]:[W918 09:01:35.576735005 CUDACachingAllocator.cpp:3934] memory allocation failed with OOM on device 0 while trying to allocate 1245708288 bytes (free: 1091239936, total: 25250627584).
[rank0]:[E918 09:11:35.624006109 ProcessGroupNCCL.cpp:741] [PG GUID 0(default_pg) Rank 0] Watchdog caught collective operation timeout: WorkNCCL(SeqNum=19, OpType=ALLGATHER, NumelIn=1, NumelOut=2, Timeout(ms)=600000) ran for 600035 milliseconds before timing out.
[rank0]:[E918 09:11:35.624202490 ProcessGroupNCCL.cpp:2390] [PG ID 0 PG GUID 0(default_pg) Rank 0]  failure detected by watchdog at work sequence id: 19 PG status: last enqueued work: 19, last started work: -1 (), last completed work: 18
[rank0]:[E918 09:11:35.625118881 ProcessGroupNCCL.cpp:785] Stack trace of the failed collective: 
#0 all_gather from <workspace>
#1 wrapper from <workspace>
#2 all_gather_object from <workspace>
#3 wrapper from <workspace>
#4 gather_obj from <workspace>
#5 run from <workspace>
#6 main from <workspace>
#7 <module> from <workspace>

[rank0]:[E918 09:11:35.625209012 ProcessGroupNCCL.cpp:2732] [PG ID 0 PG GUID 0(default_pg) Rank 0] First PG on this rank to signal dumping.
[rank0]:[E918 09:11:36.222587367 ProcessGroupNCCL.cpp:1982] [PG ID 0 PG GUID 0(default_pg) Rank 0] Received a dump signal due to a collective timeout from this local rank and we will try our best to dump the debug info. Last enqueued NCCL work: 19, last completed NCCL work: 18.This is most likely caused by incorrect usages of collectives, e.g., wrong sizes used across ranks, the order of collectives is not same for all ranks or the scheduled collective, for some reason, didn't run. Additionally, this can be caused by GIL deadlock or other reasons such as network errors or bugs in the communications library (e.g. NCCL), etc. 
[rank1]:[E918 09:11:36.222640641 ProcessGroupNCCL.cpp:1917] [PG ID 0 PG GUID 0(default_pg) Rank 1] Observed flight recorder dump signal from another rank via TCPStore.
[rank1]:[E918 09:11:36.222828185 ProcessGroupNCCL.cpp:1982] [PG ID 0 PG GUID 0(default_pg) Rank 1] Received a dump signal due to a collective timeout from  rank 0 and we will try our best to dump the debug info. Last enqueued NCCL work: 75, last completed NCCL work: 18.This is most likely caused by incorrect usages of collectives, e.g., wrong sizes used across ranks, the order of collectives is not same for all ranks or the scheduled collective, for some reason, didn't run. Additionally, this can be caused by GIL deadlock or other reasons such as network errors or bugs in the communications library (e.g. NCCL), etc. 
[rank0]:[E918 09:11:36.223142800 ProcessGroupNCCL.cpp:1694] [PG ID 0 PG GUID 0(default_pg) Rank 0] ProcessGroupNCCL preparing to dump debug info. Include stack trace: 1, only active collectives: 0
[rank1]:[E918 09:11:36.223455632 ProcessGroupNCCL.cpp:1694] [PG ID 0 PG GUID 0(default_pg) Rank 1] ProcessGroupNCCL preparing to dump debug info. Include stack trace: 1, only active collectives: 0
[rank1]:[E918 09:11:36.471599013 ProcessGroupNCCL.cpp:741] [PG GUID 0(default_pg) Rank 1] Watchdog caught collective operation timeout: WorkNCCL(SeqNum=19, OpType=ALLREDUCE, NumelIn=3146752, NumelOut=3146752, Timeout(ms)=600000) ran for 600014 milliseconds before timing out.
[rank1]:[E918 09:11:36.472424998 ProcessGroupNCCL.cpp:2390] [PG ID 0 PG GUID 0(default_pg) Rank 1]  failure detected by watchdog at work sequence id: 19 PG status: last enqueued work: 75, last started work: -1 (), last completed work: 18
[rank1]:[E918 09:11:36.472659490 ProcessGroupNCCL.cpp:788] Stack trace of the failed collective not found, potentially because FlightRecorder is disabled. You can enable it by setting TORCH_NCCL_TRACE_BUFFER_SIZE to a non-zero value.
[rank0]:[E918 09:12:36.136980325 ProcessGroupNCCL.cpp:802] [PG GUID 0(default_pg) Rank 0] Some NCCL operations have failed or timed out. Due to the asynchronous nature of CUDA kernels, subsequent GPU operations might run on corrupted/incomplete data.
[rank0]:[E918 09:12:36.137049481 ProcessGroupNCCL.cpp:816] [PG GUID 0(default_pg) Rank 0] To avoid data inconsistency, we are taking the entire process down.
[rank0]:[E918 09:12:36.140171540 ProcessGroupNCCL.cpp:2192] [PG ID 0 PG GUID 0(default_pg) Rank 0] Process group watchdog thread terminated with exception: [PG GUID 0(default_pg) Rank 0] Watchdog caught collective operation timeout: WorkNCCL(SeqNum=19, OpType=ALLGATHER, NumelIn=1, NumelOut=2, Timeout(ms)=600000) ran for 600035 milliseconds before timing out.
Exception raised from checkTimeout at /__w/pytorch/pytorch/torch/csrc/distributed/c10d/ProcessGroupNCCL.cpp:744 (most recent call first):
frame #0: c10::Error::Error(c10::SourceLocation, std::__cxx11::basic_string<char, std::char_traits<char>, std::allocator<char> >) + 0x9d (0x7fddd155e60d in <workspace>
frame #1: c10::DistError::DistError(c10::SourceLocation, std::__cxx11::basic_string<char, std::char_traits<char>, std::allocator<char> >) + 0x72 (0x7fddd155f5e2 in <workspace>
frame #2: c10::DistBackendError::DistBackendError(c10::SourceLocation, std::__cxx11::basic_string<char, std::char_traits<char>, std::allocator<char> >) + 0x72 (0x7fddd155f712 in <workspace>
frame #3: c10d::ProcessGroupNCCL::WorkNCCL::checkTimeout(std::optional<std::chrono::duration<long, std::ratio<1l, 1000l> > >) + 0x2a7 (0x7fdd19d2a847 in <workspace>
frame #4: c10d::ProcessGroupNCCL::Watchdog::runLoop() + 0x15b1 (0x7fdd19d367e1 in <workspace>
frame #5: c10d::ProcessGroupNCCL::Watchdog::run() + 0x157 (0x7fdd19d37a57 in <workspace>
frame #6: <unknown function> + 0xdbbf4 (0x7fdda16c7bf4 in /root/miniconda3/bin/../lib/libstdc++.so.6)
frame #7: <unknown function> + 0x94ac3 (0x7fddd23edac3 in /usr/lib/x86_64-linux-gnu/libc.so.6)
frame #8: clone + 0x44 (0x7fddd247ea04 in /usr/lib/x86_64-linux-gnu/libc.so.6)

W0918 09:12:36.587000 20637 torch/distributed/elastic/multiprocessing/api.py:1028] Sending process 20705 closing signal SIGTERM
E0918 09:12:36.804000 20637 torch/distributed/elastic/multiprocessing/api.py:1002] failed (exitcode: -6) local_rank: 0 (pid: 20704) of binary: <workspace>
Traceback (most recent call last):
  File "<workspace>", line 6, in <module>
    sys.exit(main())
             ^^^^^^
  File "<workspace>", line 380, in wrapper
    return f(*args, **kwargs)
           ^^^^^^^^^^^^^^^^^^
  File "<workspace>", line 1138, in main
    run(args)
  File "<workspace>", line 1129, in run
    elastic_launch(
  File "<workspace>", line 197, in __call__
    return launch_agent(
           ^^^^^^^^^^^^^
  File "<workspace>", line 386, in launch_agent
    raise ChildFailedError(
torch.distributed.elastic.multiprocessing.errors.ChildFailedError: 
=======================================================
scripts/train_opt.py FAILED
-------------------------------------------------------
Failures:
[1]:
  time      : 2026-09-18_09:12:36
  host      : localhost
  rank      : 1 (local_rank: 1)
  exitcode  : -15 (pid: 20705)  (SIGTERM)
  error_file: <N/A>
  traceback : Signal 15 (SIGTERM) received by PID 20705
-------------------------------------------------------
Root Cause (first observed failure):
[0]:
  time      : 2026-09-18_09:12:36
  host      : localhost
  rank      : 0 (local_rank: 0)
  exitcode  : -6 (pid: 20704)  (SIGABRT)
  error_file: <N/A>
  traceback : Signal 6 (SIGABRT) received by PID 20704
=======================================================

