=== base_s2048_b4_bf16_flash ===
[  11.7s] ['[base_s2048_b4_bf16_flash] OOM', 'saved <workspace>
=== prec_fp32_b1_memeff ===
[  27.7s] ['[prec_fp32_b1_memeff] step 420.0 ms (std_blocks 0.4 ms) tok/s 4876 alloc 18345 resv 19000 smi 19475 MiB MFU 12.7% HFU 12.7%', 'saved <workspace>
=== prec_bf16_b1_memeff ===
[  19.6s] ['[prec_bf16_b1_memeff] step 206.8 ms (std_blocks 0.1 ms) tok/s 9903 alloc 16645 resv 16684 smi 17165 MiB MFU 25.8% HFU 25.8%', 'saved <workspace>
=== prec_fp32_b2_memeff ===
[  11.5s] ['[prec_fp32_b2_memeff] OOM', 'saved <workspace>
=== prec_bf16_b2_memeff ===
[  11.7s] ['[prec_bf16_b2_memeff] OOM', 'saved <workspace>
=== ckpt0_s2048_b4_bf16_flash ===
[  11.3s] ['[ckpt0_s2048_b4_bf16_flash] OOM', 'saved <workspace>
=== ckpt1_s2048_b4_bf16_flash ===
[  12.6s] ['[ckpt1_s2048_b4_bf16_flash] OOM', 'saved <workspace>
=== sdpa_math_s2048_b4_bf16 ===
[  11.1s] ['[sdpa_math_s2048_b4_bf16] OOM', 'saved <workspace>
=== sdpa_mem_efficient_s2048_b4_bf16 ===
[  11.9s] ['[sdpa_mem_efficient_s2048_b4_bf16] OOM', 'saved <workspace>
=== sdpa_flash_s2048_b4_bf16 ===
[  12.3s] ['[sdpa_flash_s2048_b4_bf16] OOM', 'saved <workspace>
=== sdpa_cudnn_s2048_b4_bf16 ===
[  11.4s] ['[sdpa_cudnn_s2048_b4_bf16] OOM', 'saved <workspace>
=== bs1_s2048_bf16_flash_ckpt0 ===
[  18.4s] ['[bs1_s2048_bf16_flash_ckpt0] step 187.9 ms (std_blocks 0.3 ms) tok/s 10900 alloc 16645 resv 16684 smi 17165 MiB MFU 28.4% HFU 28.4%', 'saved <workspace>
=== bs2_s2048_bf16_flash_ckpt0 ===
[  11.4s] ['[bs2_s2048_bf16_flash_ckpt0] OOM', 'saved <workspace>
=== bs4_s2048_bf16_flash_ckpt0 ===
[  11.2s] ['[bs4_s2048_bf16_flash_ckpt0] OOM', 'saved <workspace>
=== bs8_s2048_bf16_flash_ckpt0 ===
[  11.2s] ['[bs8_s2048_bf16_flash_ckpt0] OOM', 'saved <workspace>
=== bs16_s2048_bf16_flash_ckpt0 ===
[  11.1s] ['[bs16_s2048_bf16_flash_ckpt0] OOM', 'saved <workspace>
=== bs32_s2048_bf16_flash_ckpt0 ===
[  11.2s] ['[bs32_s2048_bf16_flash_ckpt0] OOM', 'saved <workspace>
=== bs4_s2048_bf16_flash_ckpt1 ===
[  12.4s] ['[bs4_s2048_bf16_flash_ckpt1] OOM', 'saved <workspace>
=== bs8_s2048_bf16_flash_ckpt1 ===
[  11.6s] ['[bs8_s2048_bf16_flash_ckpt1] OOM', 'saved <workspace>
=== bs16_s2048_bf16_flash_ckpt1 ===
[  11.5s] ['[bs16_s2048_bf16_flash_ckpt1] OOM', 'saved <workspace>
=== bs32_s2048_bf16_flash_ckpt1 ===
[  12.0s] ['[bs32_s2048_bf16_flash_ckpt1] OOM', 'saved <workspace>
=== bs64_s2048_bf16_flash_ckpt1 ===
[  13.2s] ['[bs64_s2048_bf16_flash_ckpt1] OOM', 'saved <workspace>
=== seq512_bf16_flash_iso ===
[  10.9s] ['[seq512_bf16_flash_iso] OOM', 'saved <workspace>
=== seq2048_bf16_flash_iso ===
[  11.4s] ['[seq2048_bf16_flash_iso] OOM', 'saved <workspace>
tag	status	seq_len	batch_size	precision	sdpa	ckpt	step_ms	step_std_ms	tokens_per_s	alloc_MiB	reserved_MiB	smi_MiB	MFU_%	MFU_head_%	HFU_%
base_s2048_b4_bf16_flash	OOM	2048	4	bf16	flash	0				21490	21500	15953			
prec_fp32_b1_memeff	ok	2048	1	fp32	mem_efficient	0	420.0	0.4	4876	18345	19000	19475	12.70	15.63	12.70
prec_bf16_b1_memeff	ok	2048	1	bf16	mem_efficient	0	206.8	0.1	9903	16645	16684	17165	25.79	31.74	25.79
prec_fp32_b2_memeff	OOM	2048	2	fp32	mem_efficient	0				22913	22926	23393			
prec_bf16_b2_memeff	OOM	2048	2	bf16	mem_efficient	0				22947	23166	23647			
ckpt0_s2048_b4_bf16_flash	OOM	2048	4	bf16	flash	0				21490	21500	21973			
ckpt1_s2048_b4_bf16_flash	OOM	2048	4	bf16	flash	1				20856	21374	21855			
sdpa_math_s2048_b4_bf16	OOM	2048	4	bf16	math	0				22457	23452	5741			
sdpa_mem_efficient_s2048_b4_bf16	OOM	2048	4	bf16	mem_efficient	0				21490	21500	21973			
sdpa_flash_s2048_b4_bf16	OOM	2048	4	bf16	flash	0				21490	21500	9797			
sdpa_cudnn_s2048_b4_bf16	OOM	2048	4	bf16	cudnn	0				21490	21500	21975			
bs1_s2048_bf16_flash_ckpt0	ok	2048	1	bf16	flash	0	187.9	0.3	10900	16645	16684	17165	28.39	34.93	28.39
bs2_s2048_bf16_flash_ckpt0	OOM	2048	2	bf16	flash	0				22947	23166	23647			
bs4_s2048_bf16_flash_ckpt0	OOM	2048	4	bf16	flash	0				21490	21500	21973			
bs8_s2048_bf16_flash_ckpt0	OOM	2048	8	bf16	flash	0				23579	23588	15887			
bs16_s2048_bf16_flash_ckpt0	OOM	2048	16	bf16	flash	0				23499	23558	24031			
bs32_s2048_bf16_flash_ckpt0	OOM	2048	32	bf16	flash	0				22793	23292	23765			
bs4_s2048_bf16_flash_ckpt1	OOM	2048	4	bf16	flash	1				20856	21374	21855			
bs8_s2048_bf16_flash_ckpt1	OOM	2048	8	bf16	flash	1				19682	20150	20623			
bs16_s2048_bf16_flash_ckpt1	OOM	2048	16	bf16	flash	1				16950	17962	18435			
bs32_s2048_bf16_flash_ckpt1	OOM	2048	32	bf16	flash	1				12959	13544	14017			
bs64_s2048_bf16_flash_ckpt1	OOM	2048	64	bf16	flash	1				22304	22782	23255			
seq512_bf16_flash_iso	OOM	512	16	bf16	flash	0				21489	21500	21973			
seq2048_bf16_flash_iso	OOM	2048	4	bf16	flash	0				21490	21500	21973			

saved results/matrix_summary.tsv

