21627
21627
21627
21627
21627
21627
21627
21627
21627
21627
21627
21627
21627
21627
21627
21627
21627
21627
22041
22041
22041
22041
22041
22041
22041
22041
22041
22041
22041
22041
22041
22041
22041
22041
22041
22041
22041
22041
22041
22041
22041
22041
22041
22041
22041
22041
22041
22041
22041
22041
22041
22041
22041
22041
22041
22041
22041
22041
22041
22041
22041
22041
22041
22041
22041
22041
22041
22041
22041
22041
22041
22041
22041
22041
22041
22041
22041
22041
22041
22041
22041
22041
22041
22041
22041
22041
22041
22041
22041

