=== 方阵 GEMM 扫描 ===
      N   bf16 TF   fp16 TF   fp32 TF
   1024    120.49     99.93     40.66
   2048    155.57    148.83     48.07
   3072    145.84    153.70     45.12
   4096    138.43    142.95     46.64
   6144    144.82    156.45     46.42
   8192    146.93    127.96     43.35
  12288    143.37    139.59         -
  16384    146.41    136.34         -

=== 模型里真实出现的 GEMM 形状（bf16, tokens=b*s） ===
tok=  2048 qkv_q     [2048x1024]x[1024x2048]   125.64 TFLOPS
tok=  2048 kv        [2048x1024]x[1024x1024]   117.94 TFLOPS
tok=  2048 o_proj    [2048x2048]x[2048x1024]   123.05 TFLOPS
tok=  2048 gate_up   [2048x1024]x[1024x3072]   117.60 TFLOPS
tok=  2048 down      [2048x3072]x[3072x1024]   155.38 TFLOPS
tok=  2048 lm_head   [2048x1024]x[1024x151936]   105.57 TFLOPS
tok=  8192 qkv_q     [8192x1024]x[1024x2048]   150.45 TFLOPS
tok=  8192 kv        [8192x1024]x[1024x1024]   158.11 TFLOPS
tok=  8192 o_proj    [8192x2048]x[2048x1024]   163.35 TFLOPS
tok=  8192 gate_up   [8192x1024]x[1024x3072]   149.37 TFLOPS
tok=  8192 down      [8192x3072]x[3072x1024]   138.44 TFLOPS
tok=  8192 lm_head   [8192x1024]x[1024x151936]   149.67 TFLOPS
tok= 16384 qkv_q     [16384x1024]x[1024x2048]   150.29 TFLOPS
tok= 16384 kv        [16384x1024]x[1024x1024]   142.73 TFLOPS
tok= 16384 o_proj    [16384x2048]x[2048x1024]   141.85 TFLOPS
tok= 16384 gate_up   [16384x1024]x[1024x3072]   155.98 TFLOPS
tok= 16384 down      [16384x3072]x[3072x1024]   134.47 TFLOPS
tok= 16384 lm_head   [16384x1024]x[1024x151936]   149.39 TFLOPS

=== 显存带宽 ===
copy        865.8 GB/s  (85.9% of 1008) 1读1写
add         917.7 GB/s  (91.0% of 1008) 2读1写
reduce      948.4 GB/s  (94.1% of 1008) 1读

实测 bf16 峰值 155.6 TFLOPS = 规格 165.2 的 94.2%
实测带宽峰值 948.4 GB/s = 规格 1008 的 94.1%
ridge point = 164.0 FLOP/byte
saved results/gemm_peak.json

