
############ 0. 环境与 GPU 基线 ############
2026-09-18 08:32:02
0, NVIDIA GeForce RTX 4090, 0 MiB
1, NVIDIA GeForce RTX 4090, 0 MiB
torch 2.14.0+cu130 gpus 2 p2p False

############ 0a. 本机 GEMM 峰值（MFU 的分母，不沿用 Day08 在另一台机器上的值） ############
2026-09-18 08:32:04
tok= 16384 down      [16384x3072]x[3072x1024]   153.94 TFLOPS
tok= 16384 lm_head   [16384x1024]x[1024x151936]   167.91 TFLOPS

=== 显存带宽 ===
copy        865.5 GB/s  (85.9% of 1008) 1读1写
add         913.6 GB/s  (90.6% of 1008) 2读1写
reduce      947.4 GB/s  (94.0% of 1008) 1读

实测 bf16 峰值 169.0 TFLOPS = 规格 165.2 的 102.3%
实测带宽峰值 947.4 GB/s = 规格 1008 的 94.0%
ridge point = 178.4 FLOP/byte
saved results/gemm_peak.json

############ 0b. 本机通信带宽（Day09 是另一台机器，必须重测） ############
2026-09-18 08:32:16
all-reduce     1 MB     0.110 ms  algbw    9.52 GB/s  busbw    9.52 GB/s
all-reduce     4 MB     0.364 ms  algbw   11.53 GB/s  busbw   11.53 GB/s
all-reduce    16 MB     1.388 ms  algbw   12.09 GB/s  busbw   12.09 GB/s
all-reduce    64 MB     5.525 ms  algbw   12.15 GB/s  busbw   12.15 GB/s
all-reduce   256 MB    22.038 ms  algbw   12.18 GB/s  busbw   12.18 GB/s
all-reduce   512 MB    44.373 ms  algbw   12.10 GB/s  busbw   12.10 GB/s
all-reduce  1024 MB    86.817 ms  algbw   12.37 GB/s  busbw   12.37 GB/s
H2D_pinned           25.3 GB/s
D2H_pinned           26.4 GB/s
H2D_pageable         23.6 GB/s
D2H_pageable          9.6 GB/s
D2D                 920.3 GB/s
saved results/comm_bench.json

############ 1. 噪声地板：同一配置、独立进程重复 10 次（任务书 3.3，最高优先级） ############
2026-09-18 08:32:29
  [23s] [noise_1] step 307.7 ms (std 0.53, 极差 0.40%) 6655 tok/s  MFU 5.90%  alloc 14286 resv 14610 smi 15235
  [24s] [noise_2] step 309.2 ms (std 1.35, 极差 1.06%) 6623 tok/s  MFU 5.87%  alloc 14286 resv 14610 smi 15235
  [23s] [noise_3] step 308.7 ms (std 0.19, 极差 0.15%) 6634 tok/s  MFU 5.88%  alloc 14286 resv 14610 smi 15235
  [24s] [noise_4] step 310.8 ms (std 1.73, 极差 1.26%) 6590 tok/s  MFU 5.84%  alloc 14286 resv 14610 smi 15235
  [24s] [noise_5] step 311.6 ms (std 1.16, 极差 0.80%) 6574 tok/s  MFU 5.82%  alloc 14286 resv 14610 smi 15235
  [24s] [noise_6] step 308.2 ms (std 0.48, 极差 0.37%) 6646 tok/s  MFU 5.89%  alloc 14286 resv 14610 smi 15235
  [23s] [noise_7] step 309.2 ms (std 1.08, 极差 0.81%) 6623 tok/s  MFU 5.87%  alloc 14286 resv 14610 smi 15235
  [23s] [noise_8] step 309.4 ms (std 0.78, 极差 0.62%) 6618 tok/s  MFU 5.86%  alloc 14286 resv 14610 smi 15235
  [24s] [noise_9] step 308.9 ms (std 0.95, 极差 0.72%) 6629 tok/s  MFU 5.87%  alloc 14286 resv 14610 smi 15235
  [24s] [noise_10] step 305.8 ms (std 0.47, 极差 0.38%) 6698 tok/s  MFU 5.93%  alloc 14288 resv 16896 smi 17521
=== 噪声地板：10 次独立进程重复，配置完全相同 ===
tag           step_ms     tokens/s     MFU%         进程内极差%
noise_1         307.7         6655     5.90           0.40
noise_10        305.8         6698     5.93           0.38
noise_2         309.2         6623     5.87           1.06
noise_3         308.7         6634     5.88           0.15
noise_4         310.8         6590     5.84           1.26
noise_5         311.6         6574     5.82           0.80
noise_6         308.2         6646     5.89           0.37
noise_7         309.2         6623     5.87           0.81
noise_8         309.4         6618     5.86           0.62
noise_9         308.9         6629     5.87           0.72

step_ms          中位     309.07  std    1.507 (0.49%)  极差 1.87%  [305.78, 311.55]
tokens_per_sec   中位    6626.35  std   32.376 (0.49%)  极差 1.87%  [6573.58, 6697.64]
MFU_pct          中位       5.87  std    0.029 (0.49%)  极差 1.87%  [5.82, 5.93]

**噪声地板 = 1.87%（吞吐极差口径），2σ 口径 0.98%**
相对基线的吞吐变化绝对值 < 1.87%（极差口径）一律记为「低于噪声地板，不构成结论」
saved <workspace>

############ 2. MFU 基线（单卡 / 双卡 DDP）+ 冷启动曲线 ############
2026-09-18 08:36:57
  [17s] [base_single_mb2] step 169.9 ms (std 0.52, 极差 0.75%) 6029 tok/s  MFU 10.68%  alloc 12013 resv 12662 smi 13143
  [27s] [base_ddp_mb2] step 310.0 ms (std 3.95, 极差 2.76%) 6606 tok/s  MFU 5.85%  alloc 14286 resv 14610 smi 15235

############ 3. 梯度累积（预期收益最大的一项） ############
2026-09-18 08:37:48
  [24s] [accum_k1] step 310.4 ms (std 0.45, 极差 0.35%) 6598 tok/s  MFU 5.85%  alloc 14286 resv 14610 smi 15235
  [24s] [accum_k2] step 446.2 ms (std 0.57, 极差 0.30%) 9179 tok/s  MFU 8.13%  alloc 16561 resv 17492 smi 18117
  [28s] [accum_k4] step 743.3 ms (std 4.31, 极差 1.41%) 11022 tok/s  MFU 9.76%  alloc 16561 resv 17492 smi 18117
  [31s] [accum_k8] step 1306.5 ms (std 6.78, 极差 1.26%) 12540 tok/s  MFU 11.11%  alloc 16561 resv 17492 smi 18117
  [39s] [accum_k16] step 2506.2 ms (std 3.96, 极差 0.37%) 13075 tok/s  MFU 11.58%  alloc 16561 resv 17492 smi 18117

############ 4. bucket_cap_mb 扫描 ############
2026-09-18 08:40:29
  [24s] [bucket_1mb] step 314.1 ms (std 3.03, 极差 2.13%) 6520 tok/s  MFU 5.78%  alloc 14286 resv 15284 smi 15909
  [25s] [bucket_5mb] step 313.5 ms (std 0.55, 极差 0.42%) 6532 tok/s  MFU 5.79%  alloc 14286 resv 15264 smi 15889
  [24s] [bucket_25mb] step 308.6 ms (std 0.39, 极差 0.29%) 6636 tok/s  MFU 5.88%  alloc 14286 resv 14610 smi 15235
  [24s] [bucket_100mb] step 309.2 ms (std 1.52, 极差 1.12%) 6624 tok/s  MFU 5.87%  alloc 14287 resv 15204 smi 15829
  [24s] [bucket_200mb] step 315.2 ms (std 1.21, 极差 0.89%) 6498 tok/s  MFU 5.76%  alloc 14287 resv 15204 smi 15829

############ 5. DDP 其它开关 ############
2026-09-18 08:42:45
  [24s] [ddpflag_nobucketview] step 315.4 ms (std 0.56, 极差 0.40%) 6492 tok/s  MFU 5.75%  alloc 14287 resv 15476 smi 16101
  [24s] [ddpflag_static] step 310.7 ms (std 0.73, 极差 0.52%) 6591 tok/s  MFU 5.84%  alloc 14288 resv 17002 smi 17627
  [24s] [ddpflag_findunused] step 312.3 ms (std 0.31, 极差 0.24%) 6559 tok/s  MFU 5.81%  alloc 14287 resv 14692 smi 15317

############ 6. NCCL 环境变量（每个单独改，事后与噪声地板比） ############
2026-09-18 08:44:06
  [24s] NCCL_BUFFSIZE=8388608 -> [nccl_buffsize8m] step 308.2 ms (std 0.49, 极差 0.38%) 6646 tok/s  MFU 5.89%  alloc 14286 resv 14610 smi 15235
  [23s] NCCL_BUFFSIZE=1048576 -> [nccl_buffsize1m] step 314.4 ms (std 0.12, 极差 0.09%) 6515 tok/s  MFU 5.77%  alloc 14286 resv 14610 smi 15235
  [24s] NCCL_MAX_NCHANNELS=8 -> [nccl_maxch8] step 309.3 ms (std 0.68, 极差 0.52%) 6621 tok/s  MFU 5.87%  alloc 14286 resv 14610 smi 15235
  [22s] NCCL_MIN_NCHANNELS=8 -> [nccl_minch8] step 268.7 ms (std 1.44, 极差 1.30%) 7621 tok/s  MFU 6.75%  alloc 14286 resv 14610 smi 15271
  [23s] NCCL_NTHREADS=512 -> [nccl_nthreads512] step 281.4 ms (std 1.35, 极差 1.16%) 7279 tok/s  MFU 6.45%  alloc 14286 resv 14610 smi 15235
  [24s] NCCL_ALGO=Ring -> [nccl_algo_ring] step 307.7 ms (std 0.46, 极差 0.36%) 6655 tok/s  MFU 5.90%  alloc 14286 resv 14610 smi 15235
  [23s] NCCL_PROTO=Simple -> [nccl_proto_simple] step 311.8 ms (std 0.79, 极差 0.60%) 6569 tok/s  MFU 5.82%  alloc 14286 resv 14610 smi 15263
  [27s] NCCL_PROTO=LL128 -> [nccl_proto_ll128] step 393.1 ms (std 0.92, 极差 0.54%) 5210 tok/s  MFU 4.62%  alloc 14286 resv 14610 smi 15263
  [24s] NCCL_SOCKET_NTHREADS=4 -> [nccl_socknthr4] step 308.6 ms (std 1.78, 极差 1.36%) 6637 tok/s  MFU 5.88%  alloc 14286 resv 14610 smi 15235
  [55s] NCCL_SHM_DISABLE=1 -> [nccl_shm_disable] step 1075.3 ms (std 10.03, 极差 2.26%) 1905 tok/s  MFU 1.69%  alloc 14286 resv 14610 smi 15235

############ 7. 单卡侧改动（与通信侧分开计量） ############
2026-09-18 08:49:05
  [24s] [sc_mb4] step 329.7 ms (std 0.31, 极差 0.23%) 12423 tok/s  MFU 11.01%  alloc 18323 resv 20132 smi 20757
  [11s] [sc_mb6] OOM
  [23s] [sc_fusedadam] step 276.8 ms (std 0.75, 极差 0.65%) 7400 tok/s  MFU 6.56%  alloc 14288 resv 16936 smi 17561
  [24s] [sc_tf32on] step 308.3 ms (std 0.44, 极差 0.33%) 6643 tok/s  MFU 5.88%  alloc 14286 resv 14610 smi 15235
  [23s] [sc_tf32off] step 308.1 ms (std 0.55, 极差 0.40%) 6647 tok/s  MFU 5.89%  alloc 14286 resv 14610 smi 15235
  [24s] [sc_setgradzero] step 317.3 ms (std 0.55, 极差 0.40%) 6455 tok/s  MFU 5.72%  alloc 14286 resv 15250 smi 15875
  [85s] [sc_compile] step 286.4 ms (std 1.07, 极差 0.87%) 7150 tok/s  MFU 6.33%  alloc 12631 resv 13248 smi 13879

############ 8. 交互作用：只加 A / 只加 B / A+B ############
2026-09-18 08:53:01
  [31s] [inter_A_accum8] step 1314.1 ms (std 8.48, 极差 1.43%) 12468 tok/s  MFU 11.05%  alloc 16561 resv 17486 smi 18111
  [11s] [inter_B_mb6] OOM
  [12s] [inter_AB_mb6_accum8] OOM

############ 8b. 累加到最优配置 ############
2026-09-18 08:54:05
  [13s] [best_stack] OOM

############ 9. overlap 观测（只定位不计时） ############
2026-09-18 08:54:21
=== prof_base_ddp_mb2 (world=2, k=1) ===
  communication     58.13%    645.75 ms  launches=174
  elementwise       14.53%    161.45 ms  launches=14022
  optimizer         14.16%    157.29 ms  launches=120
  gemm              10.54%    117.11 ms  launches=2109
  softmax            1.41%     15.61 ms  launches=6
  reduction          1.21%     13.49 ms  launches=1188
  other              0.02%      0.23 ms  launches=18
  kernel 自时间合计 370.3 ms/步；干净单步 310.0 ms；重叠系数 1.19×
  → 通信与计算重叠，重叠量相当于单步的 19.4%
  bucket 时间分布：174 个通信 kernel，相对启动时刻 first=0.00 p25=0.19 p50=0.48 p75=0.78 last=0.90（0=步首 1=步尾）
  return func(*args, **kwargs)
=== prof_accum_k8 (world=2, k=8) ===
  elementwise       34.10%    854.61 ms  launches=112113
  gemm              27.07%    678.60 ms  launches=16872
  communication     25.04%    627.62 ms  launches=174
  optimizer          6.28%    157.35 ms  launches=120
  softmax            4.98%    124.78 ms  launches=48
  reduction          2.46%     61.62 ms  launches=9504
  other              0.07%      1.87 ms  launches=144
  kernel 自时间合计 835.5 ms/步；干净单步 1306.5 ms；重叠系数 0.64×
  → GPU 真实空泡 36.1%
  bucket 时间分布：174 个通信 kernel，相对启动时刻 first=0.00 p25=0.31 p50=0.63 p75=0.96 last=0.98（0=步首 1=步尾）
  return func(*args, **kwargs)

############ 10. 汇总 ############
2026-09-18 08:56:25
## 归因拆解（任务书 3.6）

噪声地板 **1.87%**（10 次独立重复的吞吐极差）。下表 |Δ吞吐| 小于它的一律标「玄学」，不作为有效改动。

基线 = 双卡 DDP micro2 k=1：**6606 tok/s，MFU 5.85%**

单卡 micro2：**6029 tok/s，MFU 10.68%**（weak scaling 上限 = 2×）；双卡基线的扩展效率 **54.8%**

| 归类 | 改动 | step ms | tokens/s | Δ吞吐 | MFU | ΔMFU (pp) | 超过噪声地板? |
|---|---|---|---|---|---|---|---|
| 基线 | 单卡 micro2（扩展效率的分母） | 169.9 | 6029 | -8.7% | 10.68% | +4.83 | **是** |
| 基线 | 双卡 DDP micro2（Day 09 的起点，本机重测） | 310.0 | 6606 | +0.0% | 5.85% | +0.00 | — 基线 |
| 通信侧 | 梯度累积 k=1（同基线） | 310.4 | 6598 | -0.1% | 5.85% | -0.01 | — 基线 |
| 通信侧 | 梯度累积 k=2 | 446.2 | 9179 | +39.0% | 8.13% | +2.28 | **是** |
| 通信侧 | 梯度累积 k=4 | 743.3 | 11022 | +66.9% | 9.76% | +3.91 | **是** |
| 通信侧 | 梯度累积 k=8 | 1306.5 | 12540 | +89.8% | 11.11% | +5.26 | **是** |
| 通信侧 | 梯度累积 k=16 | 2506.2 | 13075 | +97.9% | 11.58% | +5.73 | **是** |
| 通信侧 | bucket_cap_mb=1 | 314.1 | 6520 | -1.3% | 5.78% | -0.08 | 否（玄学） |
| 通信侧 | bucket_cap_mb=5 | 313.5 | 6532 | -1.1% | 5.79% | -0.07 | 否（玄学） |
| 通信侧 | bucket_cap_mb=25（DDP 默认） | 308.6 | 6636 | +0.5% | 5.88% | +0.03 | 否（玄学） |
| 通信侧 | bucket_cap_mb=100 | 309.2 | 6624 | +0.3% | 5.87% | +0.02 | 否（玄学） |
| 通信侧 | bucket_cap_mb=200 | 315.2 | 6498 | -1.6% | 5.76% | -0.10 | 否（玄学） |
| 通信侧 | gradient_as_bucket_view=False | 315.4 | 6492 | -1.7% | 5.75% | -0.10 | 否（玄学） |
| 通信侧 | static_graph=True | 310.7 | 6591 | -0.2% | 5.84% | -0.01 | 否（玄学） |
| 通信侧 | find_unused_parameters=True | 312.3 | 6559 | -0.7% | 5.81% | -0.04 | 否（玄学） |
| 通信侧 | NCCL_BUFFSIZE=8M | 308.2 | 6646 | +0.6% | 5.89% | +0.04 | 否（玄学） |
| 通信侧 | NCCL_BUFFSIZE=1M | 314.4 | 6515 | -1.4% | 5.77% | -0.08 | 否（玄学） |
| 通信侧 | NCCL_MAX_NCHANNELS=8 | 309.3 | 6621 | +0.2% | 5.87% | +0.01 | 否（玄学） |
| 通信侧 | NCCL_MIN_NCHANNELS=8 | 268.7 | 7621 | +15.4% | 6.75% | +0.90 | **是** |
| 通信侧 | NCCL_NTHREADS=512 | 281.4 | 7279 | +10.2% | 6.45% | +0.60 | **是** |
| 通信侧 | NCCL_ALGO=Ring | 307.7 | 6655 | +0.7% | 5.90% | +0.04 | 否（玄学） |
| 通信侧 | NCCL_PROTO=Simple | 311.8 | 6569 | -0.6% | 5.82% | -0.03 | 否（玄学） |
| 通信侧 | NCCL_PROTO=LL128 | 393.1 | 5210 | -21.1% | 4.62% | -1.24 | **是** |
| 通信侧 | NCCL_SOCKET_NTHREADS=4 | 308.6 | 6637 | +0.5% | 5.88% | +0.03 | 否（玄学） |
| 通信侧 | NCCL_SHM_DISABLE=1（反向验证） | 1075.3 | 1905 | -71.2% | 1.69% | -4.16 | **是** |
| 单卡侧 | micro batch 4 | 329.7 | 12423 | +88.1% | 11.01% | +5.15 | **是** |
| 单卡侧 | micro batch 6 | — | — | — | — | — | **OOM** |
| 单卡侧 | fused AdamW | 276.8 | 7400 | +12.0% | 6.56% | +0.70 | **是** |
| 单卡侧 | TF32 on | 308.3 | 6643 | +0.6% | 5.88% | +0.03 | 否（玄学） |
| 单卡侧 | TF32 off | 308.1 | 6647 | +0.6% | 5.89% | +0.04 | 否（玄学） |
| 单卡侧 | set_to_none=False | 317.3 | 6455 | -2.3% | 5.72% | -0.13 | **是** |
| 单卡侧 | torch.compile | 286.4 | 7150 | +8.2% | 6.33% | +0.48 | **是** |
| 交互 | 只加 A：k=8 | 1314.1 | 12468 | +88.7% | 11.05% | +5.19 | **是** |
| 交互 | 只加 B：micro 6 | — | — | — | — | — | **OOM** |
| 交互 | A+B：micro 6 且 k=8 | — | — | — | — | — | **OOM** |
| 叠加 | micro6 + k8 + fused AdamW | — | — | — | — | — | **OOM** |

### 通信侧 vs 单卡侧（预测 5 的检验）

- 通信侧最佳单项：**梯度累积 k=16**，+97.9% 吞吐，MFU +5.73 pp
- 单卡侧最佳单项：**micro batch 4**，+88.1% 吞吐，MFU +5.15 pp


saved <workspace>

############ 11. 收尾 ############
2026-09-18 08:56:25
0, 0 MiB
1, 0 MiB
ALL DONE 2026-09-18 08:56:29

