W0918 00:53:40.781000 13611 torch/distributed/run.py:982] 
W0918 00:53:40.781000 13611 torch/distributed/run.py:982] *****************************************
W0918 00:53:40.781000 13611 torch/distributed/run.py:982] Setting OMP_NUM_THREADS environment variable for each process to be 1 in default, to avoid your system being overloaded, please further tune the variable for optimal performance in your application as needed. 
W0918 00:53:40.781000 13611 torch/distributed/run.py:982] *****************************************
autodl-container-40dd41ad1f-e228ab55:13680:13680 [0] NCCL INFO ncclOsDlopen(libnccl-env.so) failed: libnccl-env.so: cannot open shared object file: No such file or directory
autodl-container-40dd41ad1f-e228ab55:13680:13680 [0] NCCL INFO ENV/Plugin: Could not find: libnccl-env.so
autodl-container-40dd41ad1f-e228ab55:13680:13680 [0] NCCL INFO cudaDriverVersion 13020
autodl-container-40dd41ad1f-e228ab55:13680:13690 [0] NCCL INFO Socket handshake magic 0x564ab9f2fc4b9d6c (built-in default)
autodl-container-40dd41ad1f-e228ab55:13680:13680 [0] NCCL INFO NCCL version 2.30.7+cuda13.3
autodl-container-40dd41ad1f-e228ab55:13680:13680 [0] NCCL INFO NCCL git version HEAD a5187fa2e
autodl-container-40dd41ad1f-e228ab55:13680:13680 [0] NCCL INFO Comm config Blocking set to 1
autodl-container-40dd41ad1f-e228ab55:13680:13680 [0] NCCL INFO Comm config Comm name set to default_pg:0
autodl-container-40dd41ad1f-e228ab55:13680:13680 [0] NCCL INFO ncclOsDlopen(libnccl-net.so) failed: libnccl-net.so: cannot open shared object file: No such file or directory
autodl-container-40dd41ad1f-e228ab55:13680:13680 [0] NCCL INFO NET/Plugin: Could not find: libnccl-net.so
autodl-container-40dd41ad1f-e228ab55:13680:13680 [0] NCCL INFO Count not open libibverbs.so
autodl-container-40dd41ad1f-e228ab55:13680:13680 [0] NCCL INFO NET/IB : No device found.
autodl-container-40dd41ad1f-e228ab55:13680:13680 [0] NCCL INFO NET/IB : Using [RO]; OOB eth0:172.17.0.2<0>
autodl-container-40dd41ad1f-e228ab55:13680:13680 [0] NCCL INFO Failed to initialize NET plugin IB
autodl-container-40dd41ad1f-e228ab55:13680:13680 [0] NCCL INFO NET/Socket : Using [0]eth0:172.17.0.2<0>
autodl-container-40dd41ad1f-e228ab55:13680:13680 [0] NCCL INFO Initialized NET plugin Socket
autodl-container-40dd41ad1f-e228ab55:13680:13680 [0] NCCL INFO Assigned NET plugin Socket to comm
autodl-container-40dd41ad1f-e228ab55:13680:13680 [0] NCCL INFO ncclOsDlopen(libnccl-rma.so) failed: libnccl-rma.so: cannot open shared object file: No such file or directory
autodl-container-40dd41ad1f-e228ab55:13680:13680 [0] NCCL INFO RMA/Plugin: Could not find: libnccl-rma.so
autodl-container-40dd41ad1f-e228ab55:13680:13680 [0] NCCL INFO RMA/Plugin: Failed to load external plugin libnccl-rma.so, dlHandle: (nil), ncclRma: (nil)
autodl-container-40dd41ad1f-e228ab55:13680:13680 [0] NCCL INFO RMA/Plugin: Failed to initialize any plugin
autodl-container-40dd41ad1f-e228ab55:13680:13680 [0] NCCL INFO ncclOsDlopen(libnccl-gin.so) failed: libnccl-gin.so: cannot open shared object file: No such file or directory
autodl-container-40dd41ad1f-e228ab55:13680:13680 [0] NCCL INFO GIN/Plugin: Could not find: libnccl-gin.so
autodl-container-40dd41ad1f-e228ab55:13680:13680 [0] NCCL INFO GIN/Plugin: Failed to load external plugin libnccl-gin.so, dlHandle: (nil), ncclGin: (nil)
autodl-container-40dd41ad1f-e228ab55:13680:13680 [0] NCCL INFO GIN/Plugin: Failed to initialize any GIN plugin
autodl-container-40dd41ad1f-e228ab55:13680:13680 [0] NCCL INFO Using network Socket
autodl-container-40dd41ad1f-e228ab55:13680:13680 [0] NCCL INFO Loaded NVML from libnvidia-ml.so.1
autodl-container-40dd41ad1f-e228ab55:13680:13680 [0] NCCL INFO [Rank 0] ncclCommInitRankConfig comm 0x9a51670 rank 0 nranks 2 cudaDev 0 nvmlDev 0 busId a8000 commId 0xeeb10992b54389fd - Init START
autodl-container-40dd41ad1f-e228ab55:13681:13681 [1] NCCL INFO ncclOsDlopen(libnccl-env.so) failed: libnccl-env.so: cannot open shared object file: No such file or directory
autodl-container-40dd41ad1f-e228ab55:13681:13681 [1] NCCL INFO ENV/Plugin: Could not find: libnccl-env.so
autodl-container-40dd41ad1f-e228ab55:13681:13681 [1] NCCL INFO cudaDriverVersion 13020
autodl-container-40dd41ad1f-e228ab55:13681:13681 [1] NCCL INFO NCCL version 2.30.7+cuda13.3
autodl-container-40dd41ad1f-e228ab55:13681:13681 [1] NCCL INFO NCCL git version HEAD a5187fa2e
autodl-container-40dd41ad1f-e228ab55:13681:13681 [1] NCCL INFO Comm config Blocking set to 1
autodl-container-40dd41ad1f-e228ab55:13681:13681 [1] NCCL INFO Comm config Comm name set to default_pg:0
autodl-container-40dd41ad1f-e228ab55:13681:13681 [1] NCCL INFO ncclOsDlopen(libnccl-net.so) failed: libnccl-net.so: cannot open shared object file: No such file or directory
autodl-container-40dd41ad1f-e228ab55:13681:13681 [1] NCCL INFO NET/Plugin: Could not find: libnccl-net.so
autodl-container-40dd41ad1f-e228ab55:13681:13681 [1] NCCL INFO Count not open libibverbs.so
autodl-container-40dd41ad1f-e228ab55:13681:13681 [1] NCCL INFO NET/IB : No device found.
autodl-container-40dd41ad1f-e228ab55:13681:13681 [1] NCCL INFO NET/IB : Using [RO]; OOB eth0:172.17.0.2<0>
autodl-container-40dd41ad1f-e228ab55:13681:13681 [1] NCCL INFO Failed to initialize NET plugin IB
autodl-container-40dd41ad1f-e228ab55:13681:13681 [1] NCCL INFO NET/Socket : Using [0]eth0:172.17.0.2<0>
autodl-container-40dd41ad1f-e228ab55:13681:13681 [1] NCCL INFO Initialized NET plugin Socket
autodl-container-40dd41ad1f-e228ab55:13681:13681 [1] NCCL INFO Assigned NET plugin Socket to comm
autodl-container-40dd41ad1f-e228ab55:13681:13681 [1] NCCL INFO ncclOsDlopen(libnccl-rma.so) failed: libnccl-rma.so: cannot open shared object file: No such file or directory
autodl-container-40dd41ad1f-e228ab55:13681:13681 [1] NCCL INFO RMA/Plugin: Could not find: libnccl-rma.so
autodl-container-40dd41ad1f-e228ab55:13681:13681 [1] NCCL INFO RMA/Plugin: Failed to load external plugin libnccl-rma.so, dlHandle: (nil), ncclRma: (nil)
autodl-container-40dd41ad1f-e228ab55:13681:13681 [1] NCCL INFO RMA/Plugin: Failed to initialize any plugin
autodl-container-40dd41ad1f-e228ab55:13681:13681 [1] NCCL INFO ncclOsDlopen(libnccl-gin.so) failed: libnccl-gin.so: cannot open shared object file: No such file or directory
autodl-container-40dd41ad1f-e228ab55:13681:13681 [1] NCCL INFO GIN/Plugin: Could not find: libnccl-gin.so
autodl-container-40dd41ad1f-e228ab55:13681:13681 [1] NCCL INFO GIN/Plugin: Failed to load external plugin libnccl-gin.so, dlHandle: (nil), ncclGin: (nil)
autodl-container-40dd41ad1f-e228ab55:13681:13681 [1] NCCL INFO GIN/Plugin: Failed to initialize any GIN plugin
autodl-container-40dd41ad1f-e228ab55:13681:13681 [1] NCCL INFO Using network Socket
autodl-container-40dd41ad1f-e228ab55:13681:13681 [1] NCCL INFO Loaded NVML from libnvidia-ml.so.1
autodl-container-40dd41ad1f-e228ab55:13681:13681 [1] NCCL INFO [Rank 1] ncclCommInitRankConfig comm 0xa7b2820 rank 1 nranks 2 cudaDev 1 nvmlDev 1 busId d8000 commId 0xeeb10992b54389fd - Init START
autodl-container-40dd41ad1f-e228ab55:13681:13681 [1] NCCL INFO Socket handshake magic 0x564ab9f2fc4b9d6c (built-in default)
autodl-container-40dd41ad1f-e228ab55:13681:13681 [1] NCCL INFO RAS client listening socket at 127.0.0.1<28028>
autodl-container-40dd41ad1f-e228ab55:13680:13680 [0] NCCL INFO RAS client listening socket at 127.0.0.1<28028>
autodl-container-40dd41ad1f-e228ab55:13681:13681 [1] NCCL INFO TOPO/NET : Importing network plugins to topology
autodl-container-40dd41ad1f-e228ab55:13680:13680 [0] NCCL INFO TOPO/NET : Importing network plugins to topology
autodl-container-40dd41ad1f-e228ab55:13681:13681 [1] NCCL INFO ncclTopoPopulateNics : Filled eth0 in topo with pciPath=(null) net=1 gin=(null) rma=(null) keep=1 coll=(null) rail=-1 plane=-1
autodl-container-40dd41ad1f-e228ab55:13680:13680 [0] NCCL INFO ncclTopoPopulateNics : Filled eth0 in topo with pciPath=(null) net=1 gin=(null) rma=(null) keep=1 coll=(null) rail=-1 plane=-1
autodl-container-40dd41ad1f-e228ab55:13680:13680 [0] NCCL INFO === System : maxBw 24.0 totalBw 24.0 ===
autodl-container-40dd41ad1f-e228ab55:13681:13681 [1] NCCL INFO === System : maxBw 24.0 totalBw 24.0 ===
autodl-container-40dd41ad1f-e228ab55:13680:13680 [0] NCCL INFO CPU/0-1 (1/1/3)
autodl-container-40dd41ad1f-e228ab55:13681:13681 [1] NCCL INFO CPU/0-1 (1/1/3)
autodl-container-40dd41ad1f-e228ab55:13680:13680 [0] NCCL INFO + PCI[5000.0] - NIC/0-0
autodl-container-40dd41ad1f-e228ab55:13681:13681 [1] NCCL INFO + PCI[5000.0] - NIC/0-0
autodl-container-40dd41ad1f-e228ab55:13680:13680 [0] NCCL INFO                 + NET[1.2] - NET/0-0 (0/0/0/1.250000)
autodl-container-40dd41ad1f-e228ab55:13681:13681 [1] NCCL INFO                 + NET[1.2] - NET/0-0 (0/0/0/1.250000)
autodl-container-40dd41ad1f-e228ab55:13680:13680 [0] NCCL INFO + PCI[24.0] - DEV/0-a8000 (10de2684145840de)
autodl-container-40dd41ad1f-e228ab55:13681:13681 [1] NCCL INFO + PCI[24.0] - DEV/0-a8000 (10de2684145840de)
autodl-container-40dd41ad1f-e228ab55:13680:13680 [0] NCCL INFO               + LOC[5000.0] - GPU/0-a8000
autodl-container-40dd41ad1f-e228ab55:13681:13681 [1] NCCL INFO               + LOC[5000.0] - GPU/0-a8000
autodl-container-40dd41ad1f-e228ab55:13680:13680 [0] NCCL INFO + PCI[24.0] - DEV/0-d8000 (10de268410de16f3)
autodl-container-40dd41ad1f-e228ab55:13681:13681 [1] NCCL INFO + PCI[24.0] - DEV/0-d8000 (10de268410de16f3)
autodl-container-40dd41ad1f-e228ab55:13680:13680 [0] NCCL INFO               + LOC[5000.0] - GPU/0-d8000
autodl-container-40dd41ad1f-e228ab55:13681:13681 [1] NCCL INFO               + LOC[5000.0] - GPU/0-d8000
autodl-container-40dd41ad1f-e228ab55:13680:13680 [0] NCCL INFO ==========================================
autodl-container-40dd41ad1f-e228ab55:13681:13681 [1] NCCL INFO ==========================================
autodl-container-40dd41ad1f-e228ab55:13680:13680 [0] NCCL INFO GPU/0-a8000 :GPU/0-a8000 (0/5000.0/LOC) GPU/0-d8000 (4/24.0/PHB) CPU/0-1 (2/24.0/PHB) NET/0-0 (4/1.2/PHB) DEV/0-a8000 (1/5000.0/LOC) DEV/0-d8000 (3/24.0/PHB) 
autodl-container-40dd41ad1f-e228ab55:13681:13681 [1] NCCL INFO GPU/0-a8000 :GPU/0-a8000 (0/5000.0/LOC) GPU/0-d8000 (4/24.0/PHB) CPU/0-1 (2/24.0/PHB) NET/0-0 (4/1.2/PHB) DEV/0-a8000 (1/5000.0/LOC) DEV/0-d8000 (3/24.0/PHB) 
autodl-container-40dd41ad1f-e228ab55:13680:13680 [0] NCCL INFO GPU/0-d8000 :GPU/0-a8000 (4/24.0/PHB) GPU/0-d8000 (0/5000.0/LOC) CPU/0-1 (2/24.0/PHB) NET/0-0 (4/1.2/PHB) DEV/0-a8000 (3/24.0/PHB) DEV/0-d8000 (1/5000.0/LOC) 
autodl-container-40dd41ad1f-e228ab55:13681:13681 [1] NCCL INFO GPU/0-d8000 :GPU/0-a8000 (4/24.0/PHB) GPU/0-d8000 (0/5000.0/LOC) CPU/0-1 (2/24.0/PHB) NET/0-0 (4/1.2/PHB) DEV/0-a8000 (3/24.0/PHB) DEV/0-d8000 (1/5000.0/LOC) 
autodl-container-40dd41ad1f-e228ab55:13680:13680 [0] NCCL INFO NET/0-0 :GPU/0-a8000 (4/1.2/PHB) GPU/0-d8000 (4/1.2/PHB) CPU/0-1 (2/1.2/PHB) NET/0-0 (0/5000.0/LOC) DEV/0-a8000 (3/1.2/PHB) DEV/0-d8000 (3/1.2/PHB) 
autodl-container-40dd41ad1f-e228ab55:13681:13681 [1] NCCL INFO NET/0-0 :GPU/0-a8000 (4/1.2/PHB) GPU/0-d8000 (4/1.2/PHB) CPU/0-1 (2/1.2/PHB) NET/0-0 (0/5000.0/LOC) DEV/0-a8000 (3/1.2/PHB) DEV/0-d8000 (3/1.2/PHB) 
autodl-container-40dd41ad1f-e228ab55:13680:13680 [0] NCCL INFO ncclTopoGetCpuAffinity: Affinity for GPU 0 is 32-63,96-127. (GPU affinity = 32-63,96-127 ; CPU affinity = 0-127).
autodl-container-40dd41ad1f-e228ab55:13681:13681 [1] NCCL INFO ncclTopoGetCpuAffinity: Affinity for GPU 1 is 32-63,96-127. (GPU affinity = 32-63,96-127 ; CPU affinity = 0-127).
autodl-container-40dd41ad1f-e228ab55:13681:13681 [1] NCCL INFO NVLS multicast support is not available on dev 1
autodl-container-40dd41ad1f-e228ab55:13680:13680 [0] NCCL INFO NVLS multicast support is not available on dev 0
autodl-container-40dd41ad1f-e228ab55:13681:13681 [1] NCCL INFO Pattern 4, crossNic 0, nChannels 1, bw 20.000000/20.000000, type PHB/PIX, sameChannels 1
autodl-container-40dd41ad1f-e228ab55:13681:13681 [1] NCCL INFO  0 : GPU/0-a8000 GPU/0-d8000
autodl-container-40dd41ad1f-e228ab55:13680:13680 [0] NCCL INFO Pattern 4, crossNic 0, nChannels 1, bw 20.000000/20.000000, type PHB/PIX, sameChannels 1
autodl-container-40dd41ad1f-e228ab55:13680:13680 [0] NCCL INFO  0 : GPU/0-a8000 GPU/0-d8000
autodl-container-40dd41ad1f-e228ab55:13681:13681 [1] NCCL INFO Pattern 1, crossNic 0, nChannels 1, bw 20.000000/20.000000, type PHB/PIX, sameChannels 1
autodl-container-40dd41ad1f-e228ab55:13681:13681 [1] NCCL INFO  0 : GPU/0-a8000 GPU/0-d8000
autodl-container-40dd41ad1f-e228ab55:13680:13680 [0] NCCL INFO Pattern 1, crossNic 0, nChannels 1, bw 20.000000/20.000000, type PHB/PIX, sameChannels 1
autodl-container-40dd41ad1f-e228ab55:13680:13680 [0] NCCL INFO  0 : GPU/0-a8000 GPU/0-d8000
autodl-container-40dd41ad1f-e228ab55:13681:13681 [1] NCCL INFO Rank 1: 1 Net devices
autodl-container-40dd41ad1f-e228ab55:13681:13681 [1] NCCL INFO Rank 1: 0 CollNet devices
autodl-container-40dd41ad1f-e228ab55:13680:13680 [0] NCCL INFO Rank 0: 1 Net devices
autodl-container-40dd41ad1f-e228ab55:13680:13680 [0] NCCL INFO Rank 0: 0 CollNet devices
autodl-container-40dd41ad1f-e228ab55:13680:13680 [0] NCCL INFO Local Net device counts across ranks: min 1 max 1
autodl-container-40dd41ad1f-e228ab55:13680:13680 [0] NCCL INFO Local CollNet device counts across ranks: min 0 max 0
autodl-container-40dd41ad1f-e228ab55:13681:13681 [1] NCCL INFO comm 0xa7b2820 rank 1 nRanks 2 nNodes 1 localRanks 2 localRank 1 MNNVL 0
autodl-container-40dd41ad1f-e228ab55:13680:13680 [0] NCCL INFO comm 0x9a51670 rank 0 nRanks 2 nNodes 1 localRanks 2 localRank 0 MNNVL 0
autodl-container-40dd41ad1f-e228ab55:13680:13680 [0] NCCL INFO Tree 0 : -1 -> 0 -> 1/-1/-1
autodl-container-40dd41ad1f-e228ab55:13681:13681 [1] NCCL INFO Tree 0 : 0 -> 1 -> -1/-1/-1
autodl-container-40dd41ad1f-e228ab55:13680:13680 [0] NCCL INFO Tree 1 : -1 -> 0 -> 1/-1/-1
autodl-container-40dd41ad1f-e228ab55:13681:13681 [1] NCCL INFO Tree 1 : 0 -> 1 -> -1/-1/-1
autodl-container-40dd41ad1f-e228ab55:13680:13680 [0] NCCL INFO Channel 00/02 : 0 1
autodl-container-40dd41ad1f-e228ab55:13681:13681 [1] NCCL INFO Ring 00 : 0 -> 1 -> 0
autodl-container-40dd41ad1f-e228ab55:13680:13680 [0] NCCL INFO Channel 01/02 : 0 1
autodl-container-40dd41ad1f-e228ab55:13681:13681 [1] NCCL INFO Ring 01 : 0 -> 1 -> 0
autodl-container-40dd41ad1f-e228ab55:13681:13681 [1] NCCL INFO Trees [0] -1/-1/-1->1->0 [1] -1/-1/-1->1->0
autodl-container-40dd41ad1f-e228ab55:13680:13680 [0] NCCL INFO Ring 00 : 1 -> 0 -> 1
autodl-container-40dd41ad1f-e228ab55:13681:13681 [1] NCCL INFO P2P Chunksize set to 131072
autodl-container-40dd41ad1f-e228ab55:13680:13680 [0] NCCL INFO Ring 01 : 1 -> 0 -> 1
autodl-container-40dd41ad1f-e228ab55:13680:13680 [0] NCCL INFO Trees [0] 1/-1/-1->0->-1 [1] 1/-1/-1->0->-1
autodl-container-40dd41ad1f-e228ab55:13680:13680 [0] NCCL INFO P2P Chunksize set to 131072
autodl-container-40dd41ad1f-e228ab55:13681:13681 [1] NCCL INFO ncclOsDlopen(libnccl-profiler.so) failed: libnccl-profiler.so: cannot open shared object file: No such file or directory
autodl-container-40dd41ad1f-e228ab55:13681:13681 [1] NCCL INFO PROFILER/Plugin: Could not find: libnccl-profiler.so
autodl-container-40dd41ad1f-e228ab55:13681:13681 [1] NCCL INFO Check P2P Type isAllDirectP2p 0 directMode 0 isAllCudaP2p 0
autodl-container-40dd41ad1f-e228ab55:13681:13681 [1] NCCL INFO ncclP2pSchedule: group size used is 2
autodl-container-40dd41ad1f-e228ab55:13680:13680 [0] NCCL INFO ncclOsDlopen(libnccl-profiler.so) failed: libnccl-profiler.so: cannot open shared object file: No such file or directory
autodl-container-40dd41ad1f-e228ab55:13680:13680 [0] NCCL INFO PROFILER/Plugin: Could not find: libnccl-profiler.so
autodl-container-40dd41ad1f-e228ab55:13680:13680 [0] NCCL INFO Check P2P Type isAllDirectP2p 0 directMode 0 isAllCudaP2p 0
autodl-container-40dd41ad1f-e228ab55:13680:13680 [0] NCCL INFO ncclP2pSchedule: group size used is 2
autodl-container-40dd41ad1f-e228ab55:13681:13707 [0] NCCL INFO [Proxy Service] Device 1 CPU core 56
autodl-container-40dd41ad1f-e228ab55:13681:13708 [0] NCCL INFO [Proxy Service UDS] Device 1 CPU core 104
autodl-container-40dd41ad1f-e228ab55:13681:13707 [1] NCCL INFO proxy listening socket at 172.17.0.2<39333>
autodl-container-40dd41ad1f-e228ab55:13680:13709 [0] NCCL INFO [Proxy Service] Device 0 CPU core 52
autodl-container-40dd41ad1f-e228ab55:13680:13710 [0] NCCL INFO [Proxy Service UDS] Device 0 CPU core 49
autodl-container-40dd41ad1f-e228ab55:13680:13709 [0] NCCL INFO proxy listening socket at 172.17.0.2<44171>
autodl-container-40dd41ad1f-e228ab55:13681:13681 [1] NCCL INFO ncclOsDlopen(libnccl-tuner.so) failed: libnccl-tuner.so: cannot open shared object file: No such file or directory
autodl-container-40dd41ad1f-e228ab55:13681:13681 [1] NCCL INFO TUNER/Plugin: Could not find: libnccl-tuner.so
autodl-container-40dd41ad1f-e228ab55:13681:13681 [1] NCCL INFO threadThresholds 8/8/64 | 16/8/64 | 512 | 512
autodl-container-40dd41ad1f-e228ab55:13681:13681 [1] NCCL INFO 2 coll channels, 2 collnet channels, 0 nvls channels, 2 p2p channels, 2 p2p channels per peer
autodl-container-40dd41ad1f-e228ab55:13681:13681 [1] NCCL INFO Symmetric memory is not supported. cuMemEnable 1, globalGinSupport 0, cuMemGdrSupport 0
autodl-container-40dd41ad1f-e228ab55:13680:13680 [0] NCCL INFO ncclOsDlopen(libnccl-tuner.so) failed: libnccl-tuner.so: cannot open shared object file: No such file or directory
autodl-container-40dd41ad1f-e228ab55:13680:13680 [0] NCCL INFO TUNER/Plugin: Could not find: libnccl-tuner.so
autodl-container-40dd41ad1f-e228ab55:13680:13680 [0] NCCL INFO threadThresholds 8/8/64 | 16/8/64 | 512 | 512
autodl-container-40dd41ad1f-e228ab55:13680:13680 [0] NCCL INFO 2 coll channels, 2 collnet channels, 0 nvls channels, 2 p2p channels, 2 p2p channels per peer
autodl-container-40dd41ad1f-e228ab55:13680:13680 [0] NCCL INFO Symmetric memory is not supported. cuMemEnable 1, globalGinSupport 0, cuMemGdrSupport 0
autodl-container-40dd41ad1f-e228ab55:13680:13680 [0] NCCL INFO CC Off, workFifoBytes 1048576
autodl-container-40dd41ad1f-e228ab55:13681:13681 [1] NCCL INFO ncclCommInitRankConfig comm 0xa7b2820 rank 1 nranks 2 cudaDev 1 nvmlDev 1 busId d8000 commId 0xeeb10992b54389fd - Init COMPLETE
autodl-container-40dd41ad1f-e228ab55:13680:13680 [0] NCCL INFO ncclCommInitRankConfig comm 0x9a51670 rank 0 nranks 2 cudaDev 0 nvmlDev 0 busId a8000 commId 0xeeb10992b54389fd - Init COMPLETE
autodl-container-40dd41ad1f-e228ab55:13681:13681 [1] NCCL INFO Init timings - ncclCommInitRankConfig: rank 1 nranks 2 total 0.32 (kernels 0.21, alloc 0.05, bootstrap 0.00, allgathers 0.00, topo 0.06, graphs 0.00, connections 0.00, rest 0.00)
autodl-container-40dd41ad1f-e228ab55:13680:13680 [0] NCCL INFO Init timings - ncclCommInitRankConfig: rank 0 nranks 2 total 14.56 (kernels 0.18, alloc 0.04, bootstrap 14.27, allgathers 0.00, topo 0.06, graphs 0.00, connections 0.00, rest 0.00)
autodl-container-40dd41ad1f-e228ab55:13680:13680 [0] NCCL INFO Channel 00 : 0[0] -> 1[1] via SHM/direct
autodl-container-40dd41ad1f-e228ab55:13681:13681 [1] NCCL INFO Channel 00 : 1[1] -> 0[0] via SHM/direct
autodl-container-40dd41ad1f-e228ab55:13680:13680 [0] NCCL INFO Channel 01 : 0[0] -> 1[1] via SHM/direct
autodl-container-40dd41ad1f-e228ab55:13681:13681 [1] NCCL INFO Channel 01 : 1[1] -> 0[0] via SHM/direct
autodl-container-40dd41ad1f-e228ab55:13680:13680 [0] NCCL INFO Connected all rings, use ring PXN 0 GDR 1
autodl-container-40dd41ad1f-e228ab55:13681:13681 [1] NCCL INFO Connected all rings, use ring PXN 0 GDR 1
RANK 0 {"rank": 0, "world": 2, "device": "NVIDIA GeForce RTX 4090", "capability": [8, 9], "nccl_version": "2.30.7", "can_device_access_peer": {"1": false}, "all_reduce_ok": true}
RANK 1 {"rank": 1, "world": 2, "device": "NVIDIA GeForce RTX 4090", "capability": [8, 9], "nccl_version": "2.30.7", "can_device_access_peer": {"0": false}, "all_reduce_ok": true}
<workspace> UserWarning: barrier(): using the device under current context. You can specify `device_id` in `init_process_group` to mute this warning.
  return func(*args, **kwargs)

