21877
21877
21877
21877
21877
21877
21877
21877
21877
21877
21877
21877
21877
21877
21877
21877
21877
21877
21877
21877
21877
21877
21877
21877
21877
21877
21877
21877
21925
21925
21925
21925
21925
21925
21925
21925
21925
21925
21925
21925
21925
21925
21925
21925
21925
21925
21925
21925
21925
21925
21925
21925
21925
21925
21925
21925
21925
21925
21925
21925
21925
21925
21925
21983
21983
21983
21983
21983
21983
21983
21983
21983
21983
21983
21983
21983
21983
21983
21983
21983
21983
21983
21983
21983
21983
21983
21983
21983
21983
21983
21983
21983
21983
21983
21983
21983
21983
21983
22041
22041
22041
22041
22041
22041
22041
22041
22041
22041
22041
22041
22041

