22041
22041
22041
22041
22041
22041
22041
22041
22041
22041
22041
22041
22041
22041
22041
22041
22041
22041
22041
22041
22041
22041
22041
22041
22041
22041
22041
22041
22041
22099
22099
22099
22099
22099
22099
22099
22099
22099
22099
22099
22099
22099
22099
22099
22099
22099
22099
22099
22099
22099
22099
22099
22099
22099
22099
22099
22099
22099
22099
22099
22099
22099
22099
22099
22099
22099
22099
22099
22099
22099
22099
22099
22099
22099
22099
22099
22099
22099
22099
22099
22099
22099
22099
22099
22099
22099
22099
22099
22099
22099
22099
22099
22099
22099
22099
22099
22099
22099
22099
22099
22099
22099
22099
22099
22099
22099
22099
22099
22099
22099
22099
22099

