22099
22099
22099
22099
22099
22099
22099
22099
22099
22099
22099
22099
22099
22099
22099
22099
22099
22099
22099
22099
22099
22099
22099
22099
22099
22099
22099
22099
22099
22099
22099
22099
22099
22099
22099
22099
22099
22099
22099
22099
22099
22099
22099
22099
22099
22099
22099
22099
22099
22099
22099
22099
22099
22099
22099
22099
22099
22157
22157
22157
22157
22157
22157
22215
22215
22215
22215
22215
22215
22215
22215
22215
22215
22215
22215
22215
22215
22215
22215
22215
22215
22215
22215
22215
22215
22215
22215
22215
22215
22215
22215
22215
22215
22215
22215
22215
22215
22215
22215
22215
22215
22215
22215
22215
22215
22215
22215
22215
22215
22215

