W0918 10:13:14.990000 38491 torch/distributed/run.py:982] 
W0918 10:13:14.990000 38491 torch/distributed/run.py:982] *****************************************
W0918 10:13:14.990000 38491 torch/distributed/run.py:982] Setting OMP_NUM_THREADS environment variable for each process to be 1 in default, to avoid your system being overloaded, please further tune the variable for optimal performance in your application as needed. 
W0918 10:13:14.990000 38491 torch/distributed/run.py:982] *****************************************
[10:13:16.815] 进程组已建立 world=2，默认集合超时 = 0:10:00，本次实际传入 timeout = 30s；TORCH_NCCL_ASYNC_ERROR_HANDLING=1 TORCH_NCCL_BLOCKING_WAIT=<未设>
Loading weights:   0%|          | 0/311 [00:00<?, ?it/s]Loading weights:   0%|          | 0/311 [00:00<?, ?it/s]Loading weights:   0%|          | 1/311 [00:00<01:18,  3.96it/s]Loading weights:   0%|          | 1/311 [00:00<01:25,  3.62it/s]Loading weights:  97%|█████████▋| 301/311 [00:00<00:00, 1074.21it/s]Loading weights: 100%|██████████| 311/311 [00:00<00:00, 868.12it/s] 
Loading weights: 100%|██████████| 311/311 [00:00<00:00, 861.34it/s]
[10:13:23.298] step 0 loss 11.94383144  1539.4 ms
[10:13:23.761] step 1 loss 12.15816879  462.9 ms
[10:13:24.236] step 2 loss 12.40347195  475.2 ms
[10:13:24.691] step 3 loss 10.47644138  454.7 ms
[10:13:24.692][rank1 pid=38561] 第 4 步，SIGSTOP 冻结自己（进程仍存活）
[rank0]:[E918 10:13:54.863265485 ProcessGroupNCCL.cpp:741] [PG GUID 0(default_pg) Rank 0] Watchdog caught collective operation timeout: WorkNCCL(SeqNum=190, OpType=ALLREDUCE, NumelIn=3146752, NumelOut=3146752, Timeout(ms)=30000) ran for 30074 milliseconds before timing out.
[rank0]:[E918 10:13:54.864304670 ProcessGroupNCCL.cpp:2390] [PG ID 0 PG GUID 0(default_pg) Rank 0]  failure detected by watchdog at work sequence id: 190 PG status: last enqueued work: 246, last started work: -1 (), last completed work: 189
[rank0]:[E918 10:13:54.864679326 ProcessGroupNCCL.cpp:788] Stack trace of the failed collective not found, potentially because FlightRecorder is disabled. You can enable it by setting TORCH_NCCL_TRACE_BUFFER_SIZE to a non-zero value.
[rank0]:[E918 10:13:54.864760810 ProcessGroupNCCL.cpp:2732] [PG ID 0 PG GUID 0(default_pg) Rank 0] First PG on this rank to signal dumping.
[rank0]:[E918 10:13:55.748544570 ProcessGroupNCCL.cpp:1982] [PG ID 0 PG GUID 0(default_pg) Rank 0] Received a dump signal due to a collective timeout from this local rank and we will try our best to dump the debug info. Last enqueued NCCL work: 246, last completed NCCL work: 189.This is most likely caused by incorrect usages of collectives, e.g., wrong sizes used across ranks, the order of collectives is not same for all ranks or the scheduled collective, for some reason, didn't run. Additionally, this can be caused by GIL deadlock or other reasons such as network errors or bugs in the communications library (e.g. NCCL), etc. 
[rank0]:[E918 10:13:55.748947456 ProcessGroupNCCL.cpp:1694] [PG ID 0 PG GUID 0(default_pg) Rank 0] ProcessGroupNCCL preparing to dump debug info. Include stack trace: 1, only active collectives: 0
[rank0]:[E918 10:14:56.942679357 ProcessGroupNCCL.cpp:802] [PG GUID 0(default_pg) Rank 0] Some NCCL operations have failed or timed out. Due to the asynchronous nature of CUDA kernels, subsequent GPU operations might run on corrupted/incomplete data.
[rank0]:[E918 10:14:56.942715100 ProcessGroupNCCL.cpp:816] [PG GUID 0(default_pg) Rank 0] To avoid data inconsistency, we are taking the entire process down.
[rank0]:[E918 10:14:56.943587772 ProcessGroupNCCL.cpp:2192] [PG ID 0 PG GUID 0(default_pg) Rank 0] Process group watchdog thread terminated with exception: [PG GUID 0(default_pg) Rank 0] Watchdog caught collective operation timeout: WorkNCCL(SeqNum=190, OpType=ALLREDUCE, NumelIn=3146752, NumelOut=3146752, Timeout(ms)=30000) ran for 30074 milliseconds before timing out.
Exception raised from checkTimeout at /__w/pytorch/pytorch/torch/csrc/distributed/c10d/ProcessGroupNCCL.cpp:744 (most recent call first):
frame #0: c10::Error::Error(c10::SourceLocation, std::__cxx11::basic_string<char, std::char_traits<char>, std::allocator<char> >) + 0x9d (0x7fc5adeb460d in <workspace>
frame #1: c10::DistError::DistError(c10::SourceLocation, std::__cxx11::basic_string<char, std::char_traits<char>, std::allocator<char> >) + 0x72 (0x7fc5adeb55e2 in <workspace>
frame #2: c10::DistBackendError::DistBackendError(c10::SourceLocation, std::__cxx11::basic_string<char, std::char_traits<char>, std::allocator<char> >) + 0x72 (0x7fc5adeb5712 in <workspace>
frame #3: c10d::ProcessGroupNCCL::WorkNCCL::checkTimeout(std::optional<std::chrono::duration<long, std::ratio<1l, 1000l> > >) + 0x2a7 (0x7fc4f6b2a847 in <workspace>
frame #4: c10d::ProcessGroupNCCL::Watchdog::runLoop() + 0x15b1 (0x7fc4f6b367e1 in <workspace>
frame #5: c10d::ProcessGroupNCCL::Watchdog::run() + 0x157 (0x7fc4f6b37a57 in <workspace>
frame #6: <unknown function> + 0xdbbf4 (0x7fc5af1d1bf4 in /root/miniconda3/bin/../lib/libstdc++.so.6)
frame #7: <unknown function> + 0x94ac3 (0x7fc5b17baac3 in /usr/lib/x86_64-linux-gnu/libc.so.6)
frame #8: clone + 0x44 (0x7fc5b184ba04 in /usr/lib/x86_64-linux-gnu/libc.so.6)

W0918 10:14:56.322000 38491 torch/distributed/elastic/multiprocessing/api.py:1028] Sending process 38561 closing signal SIGTERM
W0918 10:15:26.323000 38491 torch/distributed/elastic/multiprocessing/api.py:1047] Unable to shutdown process 38561 via 15, forcefully exiting via 9
E0918 10:15:26.538000 38491 torch/distributed/elastic/multiprocessing/api.py:1002] failed (exitcode: -6) local_rank: 0 (pid: 38560) of binary: <workspace>
Traceback (most recent call last):
  File "<workspace>", line 6, in <module>
    sys.exit(main())
             ^^^^^^
  File "<workspace>", line 380, in wrapper
    return f(*args, **kwargs)
           ^^^^^^^^^^^^^^^^^^
  File "<workspace>", line 1138, in main
    run(args)
  File "<workspace>", line 1129, in run
    elastic_launch(
  File "<workspace>", line 197, in __call__
    return launch_agent(
           ^^^^^^^^^^^^^
  File "<workspace>", line 386, in launch_agent
    raise ChildFailedError(
torch.distributed.elastic.multiprocessing.errors.ChildFailedError: 
======================================================
scripts/train_ft.py FAILED
------------------------------------------------------
Failures:
[1]:
  time      : 2026-09-18_10:15:26
  host      : localhost
  rank      : 1 (local_rank: 1)
  exitcode  : -9 (pid: 38561)  (SIGKILL)
  error_file: <N/A>
  traceback : Signal 9 (SIGKILL) received by PID 38561
------------------------------------------------------
Root Cause (first observed failure):
[0]:
  time      : 2026-09-18_10:14:56
  host      : localhost
  rank      : 0 (local_rank: 0)
  exitcode  : -6 (pid: 38560)  (SIGABRT)
  error_file: <N/A>
  traceback : Signal 6 (SIGABRT) received by PID 38560
======================================================

