W0918 10:00:47.368000 37588 torch/distributed/run.py:982] 
W0918 10:00:47.368000 37588 torch/distributed/run.py:982] *****************************************
W0918 10:00:47.368000 37588 torch/distributed/run.py:982] Setting OMP_NUM_THREADS environment variable for each process to be 1 in default, to avoid your system being overloaded, please further tune the variable for optimal performance in your application as needed. 
W0918 10:00:47.368000 37588 torch/distributed/run.py:982] *****************************************
[10:00:49.062] 进程组已建立 world=2，默认集合超时 = 0:10:00；TORCH_NCCL_ASYNC_ERROR_HANDLING=1 TORCH_NCCL_TIMEOUT_MS=45000
Loading weights:   0%|          | 0/311 [00:00<?, ?it/s]Loading weights:   0%|          | 1/311 [00:00<01:18,  3.93it/s]Loading weights: 100%|██████████| 311/311 [00:00<00:00, 881.26it/s]
Loading weights:   0%|          | 0/311 [00:00<?, ?it/s]Loading weights:   0%|          | 1/311 [00:00<01:15,  4.11it/s]Loading weights:  93%|█████████▎| 290/311 [00:00<00:00, 1062.68it/s]Loading weights: 100%|██████████| 311/311 [00:00<00:00, 872.07it/s] 
[10:00:55.742] step 0 loss 11.94383144  1490.9 ms
[10:00:56.195] step 1 loss 12.15332603  452.8 ms
[10:00:56.647] step 2 loss 12.40243483  451.5 ms
[10:00:57.104][rank1 pid=37656] 第 4 步，SIGSTOP 冻结自己（进程仍存活）
[10:00:57.105] step 3 loss 10.47508907  457.4 ms
W0918 10:05:06.029000 37588 torch/distributed/elastic/agent/server/api.py:753] Received 15 death signal, shutting down workers
W0918 10:05:06.033000 37588 torch/distributed/elastic/multiprocessing/api.py:1028] Sending process 37655 closing signal SIGTERM
W0918 10:05:06.034000 37588 torch/distributed/elastic/multiprocessing/api.py:1028] Sending process 37656 closing signal SIGTERM
W0918 10:05:36.035000 37588 torch/distributed/elastic/multiprocessing/api.py:1047] Unable to shutdown process 37656 via 15, forcefully exiting via 9
Traceback (most recent call last):
  File "<workspace>", line 6, in <module>
    sys.exit(main())
             ^^^^^^
  File "<workspace>", line 380, in wrapper
    return f(*args, **kwargs)
           ^^^^^^^^^^^^^^^^^^
  File "<workspace>", line 1138, in main
    run(args)
  File "<workspace>", line 1129, in run
    elastic_launch(
  File "<workspace>", line 197, in __call__
    return launch_agent(
           ^^^^^^^^^^^^^
  File "<workspace>", line 377, in launch_agent
    result = agent.run()
             ^^^^^^^^^^^
  File "<workspace>", line 134, in wrapper
    result = f(*args, **kwargs)
             ^^^^^^^^^^^^^^^^^^
  File "<workspace>", line 745, in run
    result = self._invoke_run(role)
             ^^^^^^^^^^^^^^^^^^^^^^
  File "<workspace>", line 923, in _invoke_run
    time.sleep(monitor_interval)
  File "<workspace>", line 86, in _terminate_process_handler
    raise SignalException(f"Process {os.getpid()} got signal: {sigval}", sigval=sigval)
torch.distributed.elastic.multiprocessing.api.SignalException: Process 37588 got signal: 15

