W0918 10:09:36.934000 38120 torch/distributed/run.py:982] 
W0918 10:09:36.934000 38120 torch/distributed/run.py:982] *****************************************
W0918 10:09:36.934000 38120 torch/distributed/run.py:982] Setting OMP_NUM_THREADS environment variable for each process to be 1 in default, to avoid your system being overloaded, please further tune the variable for optimal performance in your application as needed. 
W0918 10:09:36.934000 38120 torch/distributed/run.py:982] *****************************************
[10:09:38.689] 进程组已建立 world=2，默认集合超时 = 0:10:00；TORCH_NCCL_ASYNC_ERROR_HANDLING=1 TORCH_NCCL_TIMEOUT_MS=60000
Loading weights:   0%|          | 0/311 [00:00<?, ?it/s]Loading weights:   0%|          | 0/311 [00:00<?, ?it/s]Loading weights:   0%|          | 1/311 [00:00<01:30,  3.43it/s]Loading weights:   0%|          | 1/311 [00:00<01:18,  3.95it/s]Loading weights: 100%|██████████| 311/311 [00:00<00:00, 798.47it/s]
Loading weights:  96%|█████████▌| 298/311 [00:00<00:00, 1073.00it/s]Loading weights: 100%|██████████| 311/311 [00:00<00:00, 863.79it/s] 
[10:09:43.417] auto-resume：目录里没有 ckpt，从头开始
[10:09:44.933][rank0] step 0 done loss 11.943831
[10:09:44.933] step 0 loss 11.94383144  1447.3 ms
[10:09:44.934][rank1] step 0 done loss 16.174516
[10:09:45.394][rank0] step 1 done loss 12.159596
[10:09:45.395] step 1 loss 12.15959597  460.9 ms
[10:09:45.395][rank1] step 1 done loss 13.863960
[10:09:53.414][rank0] step 2 done loss 12.397414
[10:09:53.414] step 2 loss 12.39741373  542.6 ms
[10:09:53.414][rank1] step 2 done loss 11.532854
[10:09:53.871][rank0] step 3 done loss 10.476347[10:09:53.871][rank1] step 3 done loss 11.871638

[10:09:53.872] step 3 loss 10.47634745  457.4 ms
[10:10:10.778][rank0] step 4 done loss 10.933997
[10:10:10.778] step 4 loss 10.93399668  461.2 ms
[10:10:10.778][rank1] step 4 done loss 11.316912
[10:10:10.779][rank1 pid=38188] 第 5 步，kill -9 自己
W0918 10:10:11.030000 38120 torch/distributed/elastic/multiprocessing/api.py:1028] Sending process 38187 closing signal SIGTERM
E0918 10:10:11.249000 38120 torch/distributed/elastic/multiprocessing/api.py:1002] failed (exitcode: -9) local_rank: 1 (pid: 38188) of binary: <workspace>
[10:10:12.734] 进程组已建立 world=2，默认集合超时 = 0:10:00；TORCH_NCCL_ASYNC_ERROR_HANDLING=1 TORCH_NCCL_TIMEOUT_MS=60000
Loading weights:   0%|          | 0/311 [00:00<?, ?it/s]Loading weights:   0%|          | 0/311 [00:00<?, ?it/s]Loading weights:   0%|          | 1/311 [00:00<01:22,  3.76it/s]Loading weights:   0%|          | 1/311 [00:00<01:20,  3.87it/s]Loading weights: 100%|██████████| 311/311 [00:00<00:00, 861.28it/s]
Loading weights:  97%|█████████▋| 303/311 [00:00<00:00, 1073.13it/s]Loading weights: 100%|██████████| 311/311 [00:00<00:00, 860.67it/s] 
[10:10:17.638] auto-resume 选中 <workspace>
[10:10:21.298] 从 <workspace> 恢复：level=c2 step=4 恢复了 ['model', 'optimizer', 'sampler', 'rng', 'scheduler']
[10:10:23.159][rank0] step 4 done loss 10.933997
[10:10:23.160] step 4 loss 10.93399668  1861.4 ms
[10:10:23.166][rank1] step 4 done loss 11.271402
[10:10:23.630][rank0] step 5 done loss 10.647827
[10:10:23.630] step 5 loss 10.64782715  469.8 ms
[10:10:23.630][rank1] step 5 done loss 10.655542
[10:10:30.285][rank0] step 6 done loss 11.430667
[10:10:30.285] step 6 loss 11.43066692  474.6 ms
[10:10:30.285][rank1] step 6 done loss 10.912700
[10:10:30.744][rank0] step 7 done loss 10.658715
[10:10:30.744] step 7 loss 10.65871525  459.2 ms
[10:10:30.744][rank1] step 7 done loss 9.963484
[10:10:43.835][rank0] step 8 done loss 10.437767
[10:10:43.835] step 8 loss 10.43776655  472.5 ms
[10:10:43.836][rank1] step 8 done loss 10.184975
[10:10:44.300][rank0] step 9 done loss 10.408470
[10:10:44.300][rank1] step 9 done loss 10.142863
[10:10:50.925][rank1] step 10 done loss 10.457048[10:10:50.925][rank0] step 10 done loss 10.377151

[10:10:51.384][rank1] step 11 done loss 9.240476
[10:10:51.384][rank0] step 11 done loss 9.930364
[10:11:04.324][rank0] step 12 done loss 9.711766
[10:11:04.324][rank1] step 12 done loss 9.525390
[10:11:04.787][rank0] step 13 done loss 10.246103
[10:11:04.787][rank1] step 13 done loss 9.768649
[10:11:18.414][rank0] step 14 done loss 9.008604
[10:11:18.414][rank1] step 14 done loss 9.041555
[10:11:18.881][rank0] step 15 done loss 8.840611[10:11:18.881][rank1] step 15 done loss 8.871644

saved results/runs/kill_C2.json

