W0918 09:57:44.820000 37208 torch/distributed/run.py:982] 
W0918 09:57:44.820000 37208 torch/distributed/run.py:982] *****************************************
W0918 09:57:44.820000 37208 torch/distributed/run.py:982] Setting OMP_NUM_THREADS environment variable for each process to be 1 in default, to avoid your system being overloaded, please further tune the variable for optimal performance in your application as needed. 
W0918 09:57:44.820000 37208 torch/distributed/run.py:982] *****************************************
[09:57:46.515] 进程组已建立 world=2，默认集合超时 = 0:10:00；TORCH_NCCL_ASYNC_ERROR_HANDLING=1 TORCH_NCCL_TIMEOUT_MS=60000
Loading weights:   0%|          | 0/311 [00:00<?, ?it/s]Loading weights:   0%|          | 0/311 [00:00<?, ?it/s]Loading weights:   0%|          | 1/311 [00:00<01:23,  3.73it/s]Loading weights:   0%|          | 1/311 [00:00<01:23,  3.72it/s]Loading weights: 100%|██████████| 311/311 [00:00<00:00, 888.34it/s]
Loading weights:  94%|█████████▍| 292/311 [00:00<00:00, 995.07it/s]Loading weights: 100%|██████████| 311/311 [00:00<00:00, 818.98it/s]
[09:57:51.580] auto-resume 选中 <workspace>
[09:57:55.680] 从 <workspace> 恢复：level=c2 step=8 恢复了 ['model', 'optimizer', 'sampler', 'rng', 'scheduler']
[09:57:57.262][rank0] step 8 done loss 9.419489
[09:57:57.262] step 8 loss 9.41948891  1581.2 ms
[09:57:57.265][rank1] step 8 done loss 10.230561
[09:57:57.729][rank0] step 9 done loss 9.397041
[09:57:57.729] step 9 loss 9.39704132  466.5 ms
[09:57:57.731][rank1] step 9 done loss 9.849355
[09:58:04.027][rank1] step 10 done loss 9.425693
[09:58:04.029][rank0] step 10 done loss 9.778480
[09:58:04.029] step 10 loss 9.77848005  471.5 ms
[09:58:04.497][rank0] step 11 done loss 9.573015
[09:58:04.497] step 11 loss 9.57301521  467.6 ms
[09:58:04.497][rank1] step 11 done loss 10.182580
[09:58:11.057][rank0] step 12 done loss 9.276450
[09:58:11.057] step 12 loss 9.27644968  469.8 ms
[09:58:11.057][rank1] step 12 done loss 8.570244
[09:58:11.518][rank1] step 13 done loss 8.908445
[09:58:11.518][rank0] step 13 done loss 9.614812
[09:58:31.093][rank0] step 14 done loss 8.698445
[09:58:31.094][rank1] step 14 done loss 8.598785
[09:58:31.550][rank0] step 15 done loss 8.032041
[09:58:31.550][rank1] step 15 done loss 8.466748
[09:58:50.690][rank1] step 16 done loss 7.992086
[09:58:50.691][rank0] step 16 done loss 7.089437
[09:58:51.156][rank1] step 17 done loss 6.619592
[09:58:51.157][rank0] step 17 done loss 6.036018
[09:59:07.722][rank1] step 18 done loss 6.090214
[09:59:07.722][rank0] step 18 done loss 5.713089
[09:59:08.183][rank1] step 19 done loss 6.246892
[09:59:08.184][rank0] step 19 done loss 5.992970
saved results/runs/kill_C.json

